Archive member included to satisfy reference by file (symbol)

c:/users/assas/appdata/roaming/xpacks/@xpack-dev-tools/arm-none-eabi-gcc/12.2.1-1.2.1/.content/bin/../lib/gcc/arm-none-eabi/12.2.1/thumb/v7e-m+fp/softfp\libgcc.a(_aeabi_uldivmod.o)
                              ./system/src/stm32f4-hal/stm32f4xx_hal_rcc.o (__aeabi_uldivmod)
c:/users/assas/appdata/roaming/xpacks/@xpack-dev-tools/arm-none-eabi-gcc/12.2.1-1.2.1/.content/bin/../lib/gcc/arm-none-eabi/12.2.1/thumb/v7e-m+fp/softfp\libgcc.a(_udivmoddi4.o)
                              c:/users/assas/appdata/roaming/xpacks/@xpack-dev-tools/arm-none-eabi-gcc/12.2.1-1.2.1/.content/bin/../lib/gcc/arm-none-eabi/12.2.1/thumb/v7e-m+fp/softfp\libgcc.a(_aeabi_uldivmod.o) (__udivmoddi4)
c:/users/assas/appdata/roaming/xpacks/@xpack-dev-tools/arm-none-eabi-gcc/12.2.1-1.2.1/.content/bin/../lib/gcc/arm-none-eabi/12.2.1/thumb/v7e-m+fp/softfp\libgcc.a(_dvmd_tls.o)
                              c:/users/assas/appdata/roaming/xpacks/@xpack-dev-tools/arm-none-eabi-gcc/12.2.1-1.2.1/.content/bin/../lib/gcc/arm-none-eabi/12.2.1/thumb/v7e-m+fp/softfp\libgcc.a(_aeabi_uldivmod.o) (__aeabi_ldiv0)
c:/users/assas/appdata/roaming/xpacks/@xpack-dev-tools/arm-none-eabi-gcc/12.2.1-1.2.1/.content/bin/../lib/gcc/arm-none-eabi/12.2.1/../../../../arm-none-eabi/lib/thumb/v7e-m+fp/softfp\libg_nano.a(libc_a-ctype_.o)
                              ./system/src/newlib/syscalls.o (_ctype_)
c:/users/assas/appdata/roaming/xpacks/@xpack-dev-tools/arm-none-eabi-gcc/12.2.1-1.2.1/.content/bin/../lib/gcc/arm-none-eabi/12.2.1/../../../../arm-none-eabi/lib/thumb/v7e-m+fp/softfp\libg_nano.a(libc_a-findfp.o)
                              ./system/src/newlib/syscalls.o (__sinit)
c:/users/assas/appdata/roaming/xpacks/@xpack-dev-tools/arm-none-eabi-gcc/12.2.1-1.2.1/.content/bin/../lib/gcc/arm-none-eabi/12.2.1/../../../../arm-none-eabi/lib/thumb/v7e-m+fp/softfp\libg_nano.a(libc_a-fwalk.o)
                              c:/users/assas/appdata/roaming/xpacks/@xpack-dev-tools/arm-none-eabi-gcc/12.2.1-1.2.1/.content/bin/../lib/gcc/arm-none-eabi/12.2.1/../../../../arm-none-eabi/lib/thumb/v7e-m+fp/softfp\libg_nano.a(libc_a-findfp.o) (_fwalk_sglue)
c:/users/assas/appdata/roaming/xpacks/@xpack-dev-tools/arm-none-eabi-gcc/12.2.1-1.2.1/.content/bin/../lib/gcc/arm-none-eabi/12.2.1/../../../../arm-none-eabi/lib/thumb/v7e-m+fp/softfp\libg_nano.a(libc_a-stdio.o)
                              c:/users/assas/appdata/roaming/xpacks/@xpack-dev-tools/arm-none-eabi-gcc/12.2.1-1.2.1/.content/bin/../lib/gcc/arm-none-eabi/12.2.1/../../../../arm-none-eabi/lib/thumb/v7e-m+fp/softfp\libg_nano.a(libc_a-findfp.o) (__sread)
c:/users/assas/appdata/roaming/xpacks/@xpack-dev-tools/arm-none-eabi-gcc/12.2.1-1.2.1/.content/bin/../lib/gcc/arm-none-eabi/12.2.1/../../../../arm-none-eabi/lib/thumb/v7e-m+fp/softfp\libg_nano.a(libc_a-vsnprintf.o)
                              ./system/src/diag/trace.o (vsnprintf)
c:/users/assas/appdata/roaming/xpacks/@xpack-dev-tools/arm-none-eabi-gcc/12.2.1-1.2.1/.content/bin/../lib/gcc/arm-none-eabi/12.2.1/../../../../arm-none-eabi/lib/thumb/v7e-m+fp/softfp\libg_nano.a(libc_a-memset.o)
                              ./system/src/newlib/syscalls.o (memset)
c:/users/assas/appdata/roaming/xpacks/@xpack-dev-tools/arm-none-eabi-gcc/12.2.1-1.2.1/.content/bin/../lib/gcc/arm-none-eabi/12.2.1/../../../../arm-none-eabi/lib/thumb/v7e-m+fp/softfp\libg_nano.a(libc_a-strncpy.o)
                              ./system/src/newlib/syscalls.o (strncpy)
c:/users/assas/appdata/roaming/xpacks/@xpack-dev-tools/arm-none-eabi-gcc/12.2.1-1.2.1/.content/bin/../lib/gcc/arm-none-eabi/12.2.1/../../../../arm-none-eabi/lib/thumb/v7e-m+fp/softfp\libg_nano.a(libc_a-closer.o)
                              c:/users/assas/appdata/roaming/xpacks/@xpack-dev-tools/arm-none-eabi-gcc/12.2.1-1.2.1/.content/bin/../lib/gcc/arm-none-eabi/12.2.1/../../../../arm-none-eabi/lib/thumb/v7e-m+fp/softfp\libg_nano.a(libc_a-stdio.o) (_close_r)
c:/users/assas/appdata/roaming/xpacks/@xpack-dev-tools/arm-none-eabi-gcc/12.2.1-1.2.1/.content/bin/../lib/gcc/arm-none-eabi/12.2.1/../../../../arm-none-eabi/lib/thumb/v7e-m+fp/softfp\libg_nano.a(libc_a-impure.o)
                              ./system/src/newlib/syscalls.o (_impure_ptr)
c:/users/assas/appdata/roaming/xpacks/@xpack-dev-tools/arm-none-eabi-gcc/12.2.1-1.2.1/.content/bin/../lib/gcc/arm-none-eabi/12.2.1/../../../../arm-none-eabi/lib/thumb/v7e-m+fp/softfp\libg_nano.a(libc_a-lseekr.o)
                              c:/users/assas/appdata/roaming/xpacks/@xpack-dev-tools/arm-none-eabi-gcc/12.2.1-1.2.1/.content/bin/../lib/gcc/arm-none-eabi/12.2.1/../../../../arm-none-eabi/lib/thumb/v7e-m+fp/softfp\libg_nano.a(libc_a-stdio.o) (_lseek_r)
c:/users/assas/appdata/roaming/xpacks/@xpack-dev-tools/arm-none-eabi-gcc/12.2.1-1.2.1/.content/bin/../lib/gcc/arm-none-eabi/12.2.1/../../../../arm-none-eabi/lib/thumb/v7e-m+fp/softfp\libg_nano.a(libc_a-readr.o)
[...]
Memory Configuration

Name             Origin             Length             Attributes
RAM              0x0000000020000000 0x0000000000020000 xrw
CCMRAM           0x0000000010000000 0x0000000000010000 xrw
FLASH            0x0000000008000000 0x0000000000100000 xr
FLASHB1          0x0000000000000000 0x0000000000000000 xr
EXTMEMB0         0x0000000000000000 0x0000000000000000 xr
EXTMEMB1         0x0000000000000000 0x0000000000000000 xr
EXTMEMB2         0x0000000000000000 0x0000000000000000 xr
EXTMEMB3         0x0000000000000000 0x0000000000000000 xr
MEMORY_ARRAY     0x0000000020002000 0x0000000000000020 xrw
*default*        0x0000000000000000 0xffffffffffffffff

Linker script and memory map

LOAD ./system/src/stm32f4-hal/stm32f4xx_hal.o
LOAD ./system/src/stm32f4-hal/stm32f4xx_hal_cortex.o
LOAD ./system/src/stm32f4-hal/stm32f4xx_hal_flash.o
LOAD ./system/src/stm32f4-hal/stm32f4xx_hal_flash_ex.o
LOAD ./system/src/stm32f4-hal/stm32f4xx_hal_flash_ramfunc.o
LOAD ./system/src/stm32f4-hal/stm32f4xx_hal_gpio.o
LOAD ./system/src/stm32f4-hal/stm32f4xx_hal_iwdg.o
LOAD ./system/src/stm32f4-hal/stm32f4xx_hal_pwr.o
LOAD ./system/src/stm32f4-hal/stm32f4xx_hal_rcc.o
LOAD ./system/src/newlib/assert.o
LOAD ./system/src/newlib/cxx.o
LOAD ./system/src/newlib/exit.o
LOAD ./system/src/newlib/sbrk.o
LOAD ./system/src/newlib/startup.o
LOAD ./system/src/newlib/syscalls.o
LOAD ./system/src/diag/trace-impl.o
LOAD ./system/src/diag/trace.o
LOAD ./system/src/cortexm/exception-handlers.o
LOAD ./system/src/cortexm/initialize-hardware.o
LOAD ./system/src/cortexm/reset-hardware.o
LOAD ./system/src/cmsis/system_stm32f4xx.o
LOAD ./system/src/cmsis/vectors_stm32f407xx.o
LOAD ./src/initialize-hardware.o
LOAD ./src/led.o
LOAD ./src/main.o
LOAD ./src/stm32f4xx_hal_msp.o
LOAD ./src/write.o
LOAD ./FreeRTOS Source/portable/MemMang/heap_4.o
LOAD ./FreeRTOS Source/portable/GCC/ARM_CM4F/port.o
LOAD ./FreeRTOS Source/croutine.o
LOAD ./FreeRTOS Source/event_groups.o
LOAD ./FreeRTOS Source/list.o
LOAD ./FreeRTOS Source/queue.o
LOAD ./FreeRTOS Source/tasks.o
LOAD ./FreeRTOS Source/timers.o
LOAD c:/users/assas/appdata/roaming/xpacks/@xpack-dev-tools/arm-none-eabi-gcc/12.2.1-1.2.1/.content/bin/../lib/gcc/arm-none-eabi/12.2.1/../../../../arm-none-eabi/lib/thumb/v7e-m+fp/softfp\libstdc++_nano.a
LOAD c:/users/assas/appdata/roaming/xpacks/@xpack-dev-tools/arm-none-eabi-gcc/12.2.1-1.2.1/.content/bin/../lib/gcc/arm-none-eabi/12.2.1/../../../../arm-none-eabi/lib/thumb/v7e-m+fp/softfp\libm.a
START GROUP
LOAD c:/users/assas/appdata/roaming/xpacks/@xpack-dev-tools/arm-none-eabi-gcc/12.2.1-1.2.1/.content/bin/../lib/gcc/arm-none-eabi/12.2.1/thumb/v7e-m+fp/softfp\libgcc.a
LOAD c:/users/assas/appdata/roaming/xpacks/@xpack-dev-tools/arm-none-eabi-gcc/12.2.1-1.2.1/.content/bin/../lib/gcc/arm-none-eabi/12.2.1/../../../../arm-none-eabi/lib/thumb/v7e-m+fp/softfp\libg_nano.a
LOAD c:/users/assas/appdata/roaming/xpacks/@xpack-dev-tools/arm-none-eabi-gcc/12.2.1-1.2.1/.content/bin/../lib/gcc/arm-none-eabi/12.2.1/../../../../arm-none-eabi/lib/thumb/v7e-m+fp/softfp\libc_nano.a
END GROUP
START GROUP
LOAD c:/users/assas/appdata/roaming/xpacks/@xpack-dev-tools/arm-none-eabi-gcc/12.2.1-1.2.1/.content/bin/../lib/gcc/arm-none-eabi/12.2.1/thumb/v7e-m+fp/softfp\libgcc.a
LOAD c:/users/assas/appdata/roaming/xpacks/@xpack-dev-tools/arm-none-eabi-gcc/12.2.1-1.2.1/.content/bin/../lib/gcc/arm-none-eabi/12.2.1/../../../../arm-none-eabi/lib/thumb/v7e-m+fp/softfp\libc_nano.a
END GROUP
                0x0000000020020000                __stack = (ORIGIN (RAM) + LENGTH (RAM))
                0x0000000020020000                _estack = __stack
                0x0000000000000400                __Main_Stack_Size = 0x400
                [!provide]                        PROVIDE (_Main_Stack_Size = __Main_Stack_Size)
                0x000000002001fc00                __Main_Stack_Limit = (__stack - __Main_Stack_Size)
                [!provide]                        PROVIDE (_Main_Stack_Limit = __Main_Stack_Limit)
                0x0000000000000100                _Minimum_Stack_Size = 0x100
                0x0000000020013154                PROVIDE (_Heap_Begin = _end_noinit)
                0x000000002001fc00                PROVIDE (_Heap_Limit = (__stack - __Main_Stack_Size))

.isr_vector     0x0000000008000000      0x3e8
 FILL mask 0xff
                0x0000000008000000                __vectors_start = ABSOLUTE (.)
                0x0000000008000000                __vectors_start__ = ABSOLUTE (.)
 *(.isr_vector)
 .isr_vector    0x0000000008000000      0x188 ./system/src/cmsis/vectors_stm32f407xx.o
                0x0000000008000000                __isr_vectors
 *(.cfmconfig)
 *(.after_vectors .after_vectors.*)
 .after_vectors
                0x0000000008000188      0x130 ./system/src/newlib/startup.o
                0x0000000008000188                _start
 .after_vectors
                0x00000000080002b8      0x12c ./system/src/cortexm/exception-handlers.o
                0x00000000080002b8                Reset_Handler
                0x00000000080002be                NMI_Handler
                0x00000000080002c2                HardFault_Handler
                0x00000000080002d6                HardFault_Handler_C
                0x0000000008000334                MemManage_Handler
                0x0000000008000338                BusFault_Handler
                0x000000000800034c                BusFault_Handler_C
                0x0000000008000380                UsageFault_Handler
                0x0000000008000394                UsageFault_Handler_C
                0x00000000080003cc                DebugMon_Handler
 .after_vectors
                0x00000000080003e4        0x4 ./system/src/cmsis/vectors_stm32f407xx.o
                0x00000000080003e4                RTC_Alarm_IRQHandler
                0x00000000080003e4                HASH_RNG_IRQHandler
                0x00000000080003e4                EXTI2_IRQHandler
                0x00000000080003e4                TIM8_CC_IRQHandler
                0x00000000080003e4                TIM1_CC_IRQHandler
                0x00000000080003e4                DMA2_Stream5_IRQHandler
                0x00000000080003e4                DMA1_Stream5_IRQHandler
                0x00000000080003e4                PVD_IRQHandler
                0x00000000080003e4                SDIO_IRQHandler
                0x00000000080003e4                TAMP_STAMP_IRQHandler
                0x00000000080003e4                CAN2_RX1_IRQHandler
                0x00000000080003e4                EXTI3_IRQHandler
                0x00000000080003e4                TIM8_TRG_COM_TIM14_IRQHandler
                0x00000000080003e4                TIM1_UP_TIM10_IRQHandler
                0x00000000080003e4                TIM8_UP_TIM13_IRQHandler
                0x00000000080003e4                I2C3_ER_IRQHandler
                0x00000000080003e4                EXTI0_IRQHandler
                0x00000000080003e4                I2C2_EV_IRQHandler
                0x00000000080003e4                DMA1_Stream2_IRQHandler
                0x00000000080003e4                CAN1_RX0_IRQHandler
                0x00000000080003e4                FPU_IRQHandler
                0x00000000080003e4                OTG_HS_WKUP_IRQHandler
                0x00000000080003e4                CAN2_SCE_IRQHandler
                0x00000000080003e4                DMA2_Stream2_IRQHandler
                0x00000000080003e4                SPI1_IRQHandler
                0x00000000080003e4                TIM6_DAC_IRQHandler
                0x00000000080003e4                TIM1_BRK_TIM9_IRQHandler
                0x00000000080003e4                DCMI_IRQHandler
                0x00000000080003e4                CAN2_RX0_IRQHandler
                0x00000000080003e4                DMA2_Stream3_IRQHandler
                0x00000000080003e4                USART6_IRQHandler
                0x00000000080003e4                USART3_IRQHandler
                0x00000000080003e4                CAN1_RX1_IRQHandler
                0x00000000080003e4                UART5_IRQHandler
                0x00000000080003e4                DMA2_Stream0_IRQHandler
                0x00000000080003e4                TIM4_IRQHandler
                0x00000000080003e4                I2C1_EV_IRQHandler
                0x00000000080003e4                DMA1_Stream6_IRQHandler
                0x00000000080003e4                DMA1_Stream1_IRQHandler
                0x00000000080003e4                UART4_IRQHandler
                0x00000000080003e4                TIM3_IRQHandler
                0x00000000080003e4                RCC_IRQHandler
                0x00000000080003e4                TIM8_BRK_TIM12_IRQHandler
                0x00000000080003e4                Default_Handler
                0x00000000080003e4                EXTI15_10_IRQHandler
                0x00000000080003e4                ADC_IRQHandler
                0x00000000080003e4                DMA1_Stream7_IRQHandler
                0x00000000080003e4                TIM7_IRQHandler
                0x00000000080003e4                CAN2_TX_IRQHandler
                0x00000000080003e4                TIM5_IRQHandler
                0x00000000080003e4                DMA2_Stream7_IRQHandler
                0x00000000080003e4                I2C3_EV_IRQHandler
                0x00000000080003e4                EXTI9_5_IRQHandler
                0x00000000080003e4                RTC_WKUP_IRQHandler
                0x00000000080003e4                ETH_WKUP_IRQHandler
                0x00000000080003e4                SPI2_IRQHandler
                0x00000000080003e4                OTG_HS_EP1_IN_IRQHandler
                0x00000000080003e4                DMA1_Stream0_IRQHandler
                0x00000000080003e4                CAN1_TX_IRQHandler
                0x00000000080003e4                EXTI4_IRQHandler
                0x00000000080003e4                ETH_IRQHandler
                0x00000000080003e4                OTG_HS_EP1_OUT_IRQHandler
                0x00000000080003e4                WWDG_IRQHandler
                0x00000000080003e4                TIM2_IRQHandler
                0x00000000080003e4                OTG_FS_WKUP_IRQHandler
                0x00000000080003e4                TIM1_TRG_COM_TIM11_IRQHandler
                0x00000000080003e4                OTG_HS_IRQHandler
                0x00000000080003e4                EXTI1_IRQHandler
                0x00000000080003e4                USART2_IRQHandler
                0x00000000080003e4                I2C2_ER_IRQHandler
                0x00000000080003e4                DMA2_Stream1_IRQHandler
                0x00000000080003e4                CAN1_SCE_IRQHandler
                0x00000000080003e4                FLASH_IRQHandler
                0x00000000080003e4                DMA2_Stream4_IRQHandler
                0x00000000080003e4                USART1_IRQHandler
                0x00000000080003e4                OTG_FS_IRQHandler
                0x00000000080003e4                SPI3_IRQHandler
                0x00000000080003e4                DMA1_Stream4_IRQHandler
                0x00000000080003e4                I2C1_ER_IRQHandler
                0x00000000080003e4                FMC_IRQHandler
                0x00000000080003e4                DMA2_Stream6_IRQHandler
                0x00000000080003e4                DMA1_Stream3_IRQHandler

.inits          0x00000000080003e8       0x28
                0x00000000080003e8                __data_regions_array_start = .
                0x00000000080003e8        0x4 LONG 0x8004540 LOADADDR (.data)
                0x00000000080003ec        0x4 LONG 0x20000000 ADDR (.data)
                0x00000000080003f0        0x4 LONG 0x20000068 (ADDR (.data) + SIZEOF (.data))
                0x00000000080003f4        0x4 LONG 0x8004540 LOADADDR (.data_CCMRAM)
                0x00000000080003f8        0x4 LONG 0x10000000 ADDR (.data_CCMRAM)
                0x00000000080003fc        0x4 LONG 0x10000000 (ADDR (.data_CCMRAM) + SIZEOF (.data_CCMRAM))
                0x0000000008000400                __data_regions_array_end = .
                0x0000000008000400                __bss_regions_array_start = .
                0x0000000008000400        0x4 LONG 0x20000068 ADDR (.bss)
                0x0000000008000404        0x4 LONG 0x20013154 (ADDR (.bss) + SIZEOF (.bss))
                0x0000000008000408        0x4 LONG 0x10000000 ADDR (.bss_CCMRAM)
                0x000000000800040c        0x4 LONG 0x10000000 (ADDR (.bss_CCMRAM) + SIZEOF (.bss_CCMRAM))
                0x0000000008000410                __bss_regions_array_end = .
 *(.init)
 *(.fini)
                0x0000000008000410                . = ALIGN (0x4)
                0x0000000008000410                PROVIDE (__preinit_array_start = .)
 *(.preinit_array_sysinit .preinit_array_sysinit.*)
 *(.preinit_array_platform .preinit_array_platform.*)
 *(.preinit_array .preinit_array.*)
                0x0000000008000410                PROVIDE (__preinit_array_end = .)
                0x0000000008000410                . = ALIGN (0x4)
                0x0000000008000410                PROVIDE (__init_array_start = .)
 *(SORT_BY_NAME(.init_array.*))
 *(.init_array)
                0x0000000008000410                PROVIDE (__init_array_end = .)
                0x0000000008000410                . = ALIGN (0x4)
                0x0000000008000410                PROVIDE (__fini_array_start = .)
 *(SORT_BY_NAME(.fini_array.*))
 *(.fini_array)
                0x0000000008000410                PROVIDE (__fini_array_end = .)

.flashtext
 *(.flashtext .flashtext.*)

.text           0x0000000008000410     0x4128
 *(.text .text.*)
 .text.HAL_InitTick
                0x0000000008000410       0x4c ./system/src/stm32f4-hal/stm32f4xx_hal.o
                0x0000000008000410                HAL_InitTick
 .text.HAL_Init
                0x000000000800045c       0x34 ./system/src/stm32f4-hal/stm32f4xx_hal.o
                0x000000000800045c                HAL_Init
 .text.HAL_GetTick
                0x0000000008000490        0xc ./system/src/stm32f4-hal/stm32f4xx_hal.o
                0x0000000008000490                HAL_GetTick
 .text.__NVIC_SetPriority
                0x000000000800049c       0x28 ./system/src/stm32f4-hal/stm32f4xx_hal_cortex.o
 .text.NVIC_EncodePriority
                0x00000000080004c4       0x3e ./system/src/stm32f4-hal/stm32f4xx_hal_cortex.o
 *fill*         0x0000000008000502        0x2 
 .text.HAL_NVIC_SetPriorityGrouping
                0x0000000008000504       0x3c ./system/src/stm32f4-hal/stm32f4xx_hal_cortex.o
                0x0000000008000504                HAL_NVIC_SetPriorityGrouping
 .text.HAL_NVIC_SetPriority
                0x0000000008000540       0x48 ./system/src/stm32f4-hal/stm32f4xx_hal_cortex.o
                0x0000000008000540                HAL_NVIC_SetPriority
 .text.HAL_SYSTICK_Config
                0x0000000008000588       0x28 ./system/src/stm32f4-hal/stm32f4xx_hal_cortex.o
                0x0000000008000588                HAL_SYSTICK_Config
 .text.HAL_SYSTICK_CLKSourceConfig
                0x00000000080005b0       0x34 ./system/src/stm32f4-hal/stm32f4xx_hal_cortex.o
                0x00000000080005b0                HAL_SYSTICK_CLKSourceConfig
 .text.HAL_GPIO_Init
                0x00000000080005e4      0x2dc ./system/src/stm32f4-hal/stm32f4xx_hal_gpio.o
                0x00000000080005e4                HAL_GPIO_Init
 .text.HAL_RCC_OscConfig
                0x00000000080008c0      0x4f8 ./system/src/stm32f4-hal/stm32f4xx_hal_rcc.o
                0x00000000080008c0                HAL_RCC_OscConfig
 .text.HAL_RCC_GetSysClockFreq
                0x0000000008000db8       0xdc ./system/src/stm32f4-hal/stm32f4xx_hal_rcc.o
                0x0000000008000db8                HAL_RCC_GetSysClockFreq
 .text.HAL_RCC_ClockConfig
                0x0000000008000e94      0x224 ./system/src/stm32f4-hal/stm32f4xx_hal_rcc.o
                0x0000000008000e94                HAL_RCC_ClockConfig
 .text.HAL_RCC_GetHCLKFreq
                0x00000000080010b8        0xc ./system/src/stm32f4-hal/stm32f4xx_hal_rcc.o
                0x00000000080010b8                HAL_RCC_GetHCLKFreq
 .text._sbrk    0x00000000080010c4       0x44 ./system/src/newlib/sbrk.o
                0x00000000080010c4                _sbrk
 .text._exit    0x0000000008001108       0x20 ./system/src/newlib/syscalls.o
                0x0000000008001108                _exit
 .text.initialise_monitor_handles
                0x0000000008001128       0xa8 ./system/src/newlib/syscalls.o
                0x0000000008001128                initialise_monitor_handles
 .text.__initialize_args
                0x00000000080011d0       0xc0 ./system/src/newlib/syscalls.o
                0x00000000080011d0                __initialize_args
 .text._trace_write_semihosting_debug
                0x0000000008001290       0x62 ./system/src/diag/trace-impl.o
 .text.trace_write
                0x00000000080012f2        0x8 ./system/src/diag/trace-impl.o
                0x00000000080012f2                trace_write
 *fill*         0x00000000080012fa        0x2 
 .text.trace_printf
                0x00000000080012fc       0x34 ./system/src/diag/trace.o
                0x00000000080012fc                trace_printf
 .text.trace_puts
                0x0000000008001330       0x20 ./system/src/diag/trace.o
                0x0000000008001330                trace_puts
 .text.__NVIC_SystemReset
                0x0000000008001350       0x24 ./system/src/cortexm/exception-handlers.o
 .text.dumpExceptionStack
                0x0000000008001374       0xf4 ./system/src/cortexm/exception-handlers.o
                0x0000000008001374                dumpExceptionStack
 .text.isSemihosting
                0x0000000008001468       0xe0 ./system/src/cortexm/exception-handlers.o
                0x0000000008001468                isSemihosting
 .text.__initialize_hardware_early
                0x0000000008001548       0x18 ./system/src/cortexm/initialize-hardware.o
                0x0000000008001548                __initialize_hardware_early
 .text.SystemInit
                0x0000000008001560       0x10 ./system/src/cmsis/system_stm32f4xx.o
                0x0000000008001560                SystemInit
 .text.SystemCoreClockUpdate
                0x0000000008001570       0xa0 ./system/src/cmsis/system_stm32f4xx.o
                0x0000000008001570                SystemCoreClockUpdate
 .text.SystemClock_Config
                0x0000000008001610       0xa0 ./src/initialize-hardware.o
                0x0000000008001610                SystemClock_Config
 .text.__initialize_hardware
                0x00000000080016b0       0x10 ./src/initialize-hardware.o
                0x00000000080016b0                __initialize_hardware
 .text.assert_failed
                0x00000000080016c0       0x14 ./src/initialize-hardware.o
                0x00000000080016c0                assert_failed
 .text.createLed
                0x00000000080016d4       0x10 ./src/led.o
                0x00000000080016d4                createLed
 .text.turn_on  0x00000000080016e4       0x2c ./src/led.o
                0x00000000080016e4                turn_on
 .text.turn_off
                0x0000000008001710       0x2c ./src/led.o
                0x0000000008001710                turn_off
 .text.power_up
                0x000000000800173c       0x40 ./src/led.o
                0x000000000800173c                power_up
 .text.isOn     0x000000000800177c       0x40 ./src/led.o
                0x000000000800177c                isOn
 .text.prvAutoReloadTimerCallback
                0x00000000080017bc       0x2c ./src/main.o
 .text.prvOneShotTimerCallback
                0x00000000080017e8       0x18 ./src/main.o
 .text.main     0x0000000008001800      0x11c ./src/main.o
                0x0000000008001800                main
 .text.vApplicationMallocFailedHook
                0x000000000800191c        0x2 ./src/main.o
                0x000000000800191c                vApplicationMallocFailedHook
 .text.vApplicationStackOverflowHook
                0x000000000800191e        0x2 ./src/main.o
                0x000000000800191e                vApplicationStackOverflowHook
 .text.vApplicationIdleHook
                0x0000000008001920       0x12 ./src/main.o
                0x0000000008001920                vApplicationIdleHook
 .text.vApplicationTickHook
                0x0000000008001932        0x2 ./src/main.o
                0x0000000008001932                vApplicationTickHook
 .text.HAL_MspInit
                0x0000000008001934        0x2 ./src/stm32f4xx_hal_msp.o
                0x0000000008001934                HAL_MspInit
 *fill*         0x0000000008001936        0x2 
 .text.prvHeapInit
                0x0000000008001938       0x64 ./FreeRTOS Source/portable/MemMang/heap_4.o
 .text.prvInsertBlockIntoFreeList
                0x000000000800199c       0x64 ./FreeRTOS Source/portable/MemMang/heap_4.o
 .text.pvPortMalloc
                0x0000000008001a00      0x10c ./FreeRTOS Source/portable/MemMang/heap_4.o
                0x0000000008001a00                pvPortMalloc
 .text.vPortFree
                0x0000000008001b0c       0x70 ./FreeRTOS Source/portable/MemMang/heap_4.o
                0x0000000008001b0c                vPortFree
 .text.xPortGetFreeHeapSize
                0x0000000008001b7c        0xc ./FreeRTOS Source/portable/MemMang/heap_4.o
                0x0000000008001b7c                xPortGetFreeHeapSize
 .text.prvTaskExitError
                0x0000000008001b88       0x34 ./FreeRTOS Source/portable/GCC/ARM_CM4F/port.o
 .text.prvPortStartFirstTask
                0x0000000008001bbc       0x20 ./FreeRTOS Source/portable/GCC/ARM_CM4F/port.o
 .text.pxPortInitialiseStack
                0x0000000008001bdc       0x2c ./FreeRTOS Source/portable/GCC/ARM_CM4F/port.o
                0x0000000008001bdc                pxPortInitialiseStack
 *fill*         0x0000000008001c08        0x8 
 .text.SVC_Handler
                0x0000000008001c10       0x24 ./FreeRTOS Source/portable/GCC/ARM_CM4F/port.o
                0x0000000008001c10                SVC_Handler
 .text.vPortEnterCritical
                0x0000000008001c34       0x44 ./FreeRTOS Source/portable/GCC/ARM_CM4F/port.o
                0x0000000008001c34                vPortEnterCritical
 .text.vPortExitCritical
                0x0000000008001c78       0x2c ./FreeRTOS Source/portable/GCC/ARM_CM4F/port.o
                0x0000000008001c78                vPortExitCritical
 *fill*         0x0000000008001ca4        0xc 
 .text.PendSV_Handler
                0x0000000008001cb0       0x64 ./FreeRTOS Source/portable/GCC/ARM_CM4F/port.o
                0x0000000008001cb0                PendSV_Handler
 .text.SysTick_Handler
                0x0000000008001d14       0x2c ./FreeRTOS Source/portable/GCC/ARM_CM4F/port.o
                0x0000000008001d14                SysTick_Handler
 .text.vPortSetupTimerInterrupt
                0x0000000008001d40       0x24 ./FreeRTOS Source/portable/GCC/ARM_CM4F/port.o
                0x0000000008001d40                vPortSetupTimerInterrupt
 .text.xPortStartScheduler
                0x0000000008001d64       0xf4 ./FreeRTOS Source/portable/GCC/ARM_CM4F/port.o
                0x0000000008001d64                xPortStartScheduler
 .text.vPortValidateInterruptPriority
                0x0000000008001e58       0x5c ./FreeRTOS Source/portable/GCC/ARM_CM4F/port.o
                0x0000000008001e58                vPortValidateInterruptPriority
 .text.vListInitialise
                0x0000000008001eb4       0x16 ./FreeRTOS Source/list.o
                0x0000000008001eb4                vListInitialise
 .text.vListInitialiseItem
                0x0000000008001eca        0x6 ./FreeRTOS Source/list.o
                0x0000000008001eca                vListInitialiseItem
 .text.vListInsertEnd
                0x0000000008001ed0       0x16 ./FreeRTOS Source/list.o
                0x0000000008001ed0                vListInsertEnd
 .text.vListInsert
                0x0000000008001ee6       0x32 ./FreeRTOS Source/list.o
                0x0000000008001ee6                vListInsert
 .text.uxListRemove
                0x0000000008001f18       0x24 ./FreeRTOS Source/list.o
                0x0000000008001f18                uxListRemove
 .text.prvIsQueueFull
                0x0000000008001f3c       0x1e ./FreeRTOS Source/queue.o
 .text.prvIsQueueEmpty
                0x0000000008001f5a       0x1a ./FreeRTOS Source/queue.o
 .text.prvCopyDataToQueue
                0x0000000008001f74       0x76 ./FreeRTOS Source/queue.o
 .text.prvCopyDataFromQueue
                0x0000000008001fea       0x24 ./FreeRTOS Source/queue.o
 .text.prvUnlockQueue
                0x000000000800200e       0x6e ./FreeRTOS Source/queue.o
 .text.xQueueGenericReset
                0x000000000800207c       0x84 ./FreeRTOS Source/queue.o
                0x000000000800207c                xQueueGenericReset
 .text.prvInitialiseNewQueue
                0x0000000008002100       0x22 ./FreeRTOS Source/queue.o
 .text.xQueueGenericCreate
                0x0000000008002122       0x48 ./FreeRTOS Source/queue.o
                0x0000000008002122                xQueueGenericCreate
 .text.xQueueGenericSend
                0x000000000800216a      0x188 ./FreeRTOS Source/queue.o
                0x000000000800216a                xQueueGenericSend
 .text.xQueueGenericSendFromISR
                0x00000000080022f2       0xcc ./FreeRTOS Source/queue.o
                0x00000000080022f2                xQueueGenericSendFromISR
 .text.xQueueGenericReceive
                0x00000000080023be      0x1ba ./FreeRTOS Source/queue.o
                0x00000000080023be                xQueueGenericReceive
 .text.vQueueAddToRegistry
                0x0000000008002578       0x28 ./FreeRTOS Source/queue.o
                0x0000000008002578                vQueueAddToRegistry
 .text.vQueueWaitForMessageRestricted
                0x00000000080025a0       0x52 ./FreeRTOS Source/queue.o
                0x00000000080025a0                vQueueWaitForMessageRestricted
 *fill*         0x00000000080025f2        0x2 
 .text.prvResetNextTaskUnblockTime
                0x00000000080025f4       0x2c ./FreeRTOS Source/tasks.o
 .text.prvDeleteTCB
                0x0000000008002620       0x12 ./FreeRTOS Source/tasks.o
 .text.prvInitialiseNewTask
                0x0000000008002632       0x98 ./FreeRTOS Source/tasks.o
 *fill*         0x00000000080026ca        0x2 
 .text.prvInitialiseTaskLists
                0x00000000080026cc       0x68 ./FreeRTOS Source/tasks.o
 .text.prvAddNewTaskToReadyList
                0x0000000008002734       0xac ./FreeRTOS Source/tasks.o
 .text.prvAddCurrentTaskToDelayedList
                0x00000000080027e0       0x98 ./FreeRTOS Source/tasks.o
 .text.xTaskCreate
                0x0000000008002878       0x60 ./FreeRTOS Source/tasks.o
                0x0000000008002878                xTaskCreate
 .text.vTaskStartScheduler
                0x00000000080028d8       0x84 ./FreeRTOS Source/tasks.o
                0x00000000080028d8                vTaskStartScheduler
 .text.vTaskSuspendAll
                0x000000000800295c       0x10 ./FreeRTOS Source/tasks.o
                0x000000000800295c                vTaskSuspendAll
 .text.xTaskGetTickCount
                0x000000000800296c        0xc ./FreeRTOS Source/tasks.o
                0x000000000800296c                xTaskGetTickCount
 .text.xTaskIncrementTick
                0x0000000008002978      0x128 ./FreeRTOS Source/tasks.o
                0x0000000008002978                xTaskIncrementTick
 .text.xTaskResumeAll
                0x0000000008002aa0       0xf8 ./FreeRTOS Source/tasks.o
                0x0000000008002aa0                xTaskResumeAll
 .text.prvCheckTasksWaitingTermination
                0x0000000008002b98       0x5c ./FreeRTOS Source/tasks.o
 .text.prvIdleTask
                0x0000000008002bf4       0x30 ./FreeRTOS Source/tasks.o
 .text.vTaskSwitchContext
                0x0000000008002c24       0xcc ./FreeRTOS Source/tasks.o
                0x0000000008002c24                vTaskSwitchContext
 .text.vTaskPlaceOnEventList
                0x0000000008002cf0       0x30 ./FreeRTOS Source/tasks.o
                0x0000000008002cf0                vTaskPlaceOnEventList
 .text.vTaskPlaceOnEventListRestricted
                0x0000000008002d20       0x38 ./FreeRTOS Source/tasks.o
                0x0000000008002d20                vTaskPlaceOnEventListRestricted
 .text.xTaskRemoveFromEventList
                0x0000000008002d58       0x8c ./FreeRTOS Source/tasks.o
                0x0000000008002d58                xTaskRemoveFromEventList
 .text.vTaskSetTimeOutState
                0x0000000008002de4       0x2c ./FreeRTOS Source/tasks.o
                0x0000000008002de4                vTaskSetTimeOutState
 .text.xTaskCheckForTimeOut
                0x0000000008002e10       0x80 ./FreeRTOS Source/tasks.o
                0x0000000008002e10                xTaskCheckForTimeOut
 .text.vTaskMissedYield
                0x0000000008002e90        0xc ./FreeRTOS Source/tasks.o
                0x0000000008002e90                vTaskMissedYield
 .text.xTaskGetSchedulerState
                0x0000000008002e9c       0x20 ./FreeRTOS Source/tasks.o
                0x0000000008002e9c                xTaskGetSchedulerState
 .text.vTaskPriorityInherit
                0x0000000008002ebc       0xa0 ./FreeRTOS Source/tasks.o
                0x0000000008002ebc                vTaskPriorityInherit
 .text.xTaskPriorityDisinherit
                0x0000000008002f5c       0xb0 ./FreeRTOS Source/tasks.o
                0x0000000008002f5c                xTaskPriorityDisinherit
 .text.pvTaskIncrementMutexHeldCount
                0x000000000800300c       0x1c ./FreeRTOS Source/tasks.o
                0x000000000800300c                pvTaskIncrementMutexHeldCount
 .text.prvGetNextExpireTime
                0x0000000008003028       0x20 ./FreeRTOS Source/timers.o
 .text.prvInsertTimerInActiveList
                0x0000000008003048       0x48 ./FreeRTOS Source/timers.o
 .text.prvCheckForValidListAndQueue
                0x0000000008003090       0x5c ./FreeRTOS Source/timers.o
 .text.prvInitialiseNewTimer
                0x00000000080030ec       0x40 ./FreeRTOS Source/timers.o
 .text.xTimerCreateTimerTask
                0x000000000800312c       0x50 ./FreeRTOS Source/timers.o
                0x000000000800312c                xTimerCreateTimerTask
 .text.xTimerCreate
                0x000000000800317c       0x32 ./FreeRTOS Source/timers.o
                0x000000000800317c                xTimerCreate
 *fill*         0x00000000080031ae        0x2 
 .text.xTimerGenericCommand
                0x00000000080031b0       0x6c ./FreeRTOS Source/timers.o
                0x00000000080031b0                xTimerGenericCommand
 .text.prvSwitchTimerLists
                0x000000000800321c       0x78 ./FreeRTOS Source/timers.o
 .text.prvSampleTimeNow
                0x0000000008003294       0x2c ./FreeRTOS Source/timers.o
 .text.prvProcessExpiredTimer
                0x00000000080032c0       0x60 ./FreeRTOS Source/timers.o
 .text.prvProcessTimerOrBlockTask
                0x0000000008003320       0x70 ./FreeRTOS Source/timers.o
 .text.prvProcessReceivedCommands
                0x0000000008003390       0xe0 ./FreeRTOS Source/timers.o
 .text.prvTimerTask
                0x0000000008003470       0x16 ./FreeRTOS Source/timers.o
 *fill*         0x0000000008003486        0x2 
 .text          0x0000000008003488       0x30 c:/users/assas/appdata/roaming/xpacks/@xpack-dev-tools/arm-none-eabi-gcc/12.2.1-1.2.1/.content/bin/../lib/gcc/arm-none-eabi/12.2.1/thumb/v7e-m+fp/softfp\libgcc.a(_aeabi_uldivmod.o)
                0x0000000008003488                __aeabi_uldivmod
 .text.__udivmoddi4
                0x00000000080034b8      0x2bc c:/users/assas/appdata/roaming/xpacks/@xpack-dev-tools/arm-none-eabi-gcc/12.2.1-1.2.1/.content/bin/../lib/gcc/arm-none-eabi/12.2.1/thumb/v7e-m+fp/softfp\libgcc.a(_udivmoddi4.o)
                0x00000000080034b8                __udivmoddi4
 .text          0x0000000008003774        0x4 c:/users/assas/appdata/roaming/xpacks/@xpack-dev-tools/arm-none-eabi-gcc/12.2.1-1.2.1/.content/bin/../lib/gcc/arm-none-eabi/12.2.1/thumb/v7e-m+fp/softfp\libgcc.a(_dvmd_tls.o)
                0x0000000008003774                __aeabi_idiv0
                0x0000000008003774                __aeabi_ldiv0
 .text._vsnprintf_r
                0x0000000008003778       0x56 c:/users/assas/appdata/roaming/xpacks/@xpack-dev-tools/arm-none-eabi-gcc/12.2.1-1.2.1/.content/bin/../lib/gcc/arm-none-eabi/12.2.1/../../../../arm-none-eabi/lib/thumb/v7e-m+fp/softfp\libg_nano.a(libc_a-vsnprintf.o)
                0x0000000008003778                _vsniprintf_r
                0x0000000008003778                _vsnprintf_r
 *fill*         0x00000000080037ce        0x2 
 .text.vsnprintf
                0x00000000080037d0       0x1c c:/users/assas/appdata/roaming/xpacks/@xpack-dev-tools/arm-none-eabi-gcc/12.2.1-1.2.1/.content/bin/../lib/gcc/arm-none-eabi/12.2.1/../../../../arm-none-eabi/lib/thumb/v7e-m+fp/softfp\libg_nano.a(libc_a-vsnprintf.o)
                0x00000000080037d0                vsniprintf
                0x00000000080037d0                vsnprintf
 .text.memset   0x00000000080037ec       0x10 c:/users/assas/appdata/roaming/xpacks/@xpack-dev-tools/arm-none-eabi-gcc/12.2.1-1.2.1/.content/bin/../lib/gcc/arm-none-eabi/12.2.1/../../../../arm-none-eabi/lib/thumb/v7e-m+fp/softfp\libg_nano.a(libc_a-memset.o)
                0x00000000080037ec                memset
 .text.__errno  0x00000000080037fc        0xc c:/users/assas/appdata/roaming/xpacks/@xpack-dev-tools/arm-none-eabi-gcc/12.2.1-1.2.1/.content/bin/../lib/gcc/arm-none-eabi/12.2.1/../../../../arm-none-eabi/lib/thumb/v7e-m+fp/softfp\libg_nano.a(libc_a-errno.o)
                0x00000000080037fc                __errno
 .text.__retarget_lock_acquire_recursive
                0x0000000008003808        0x2 c:/users/assas/appdata/roaming/xpacks/@xpack-dev-tools/arm-none-eabi-gcc/12.2.1-1.2.1/.content/bin/../lib/gcc/arm-none-eabi/12.2.1/../../../../arm-none-eabi/lib/thumb/v7e-m+fp/softfp\libg_nano.a(libc_a-lock.o)
                0x0000000008003808                __retarget_lock_acquire_recursive
 .text.__retarget_lock_release_recursive
                0x000000000800380a        0x2 c:/users/assas/appdata/roaming/xpacks/@xpack-dev-tools/arm-none-eabi-gcc/12.2.1-1.2.1/.content/bin/../lib/gcc/arm-none-eabi/12.2.1/../../../../arm-none-eabi/lib/thumb/v7e-m+fp/softfp\libg_nano.a(libc_a-lock.o)
                0x000000000800380a                __retarget_lock_release_recursive
 .text          0x000000000800380c       0x14 c:/users/assas/appdata/roaming/xpacks/@xpack-dev-tools/arm-none-eabi-gcc/12.2.1-1.2.1/.content/bin/../lib/gcc/arm-none-eabi/12.2.1/../../../../arm-none-eabi/lib/thumb/v7e-m+fp/softfp\libg_nano.a(libc_a-strcmp.o)
                0x000000000800380c                strcmp
 .text.memcpy   0x0000000008003820       0x1c c:/users/assas/appdata/roaming/xpacks/@xpack-dev-tools/arm-none-eabi-gcc/12.2.1-1.2.1/.content/bin/../lib/gcc/arm-none-eabi/12.2.1/../../../../arm-none-eabi/lib/thumb/v7e-m+fp/softfp\libg_nano.a(libc_a-memcpy-stub.o)
                0x0000000008003820                memcpy
 .text          0x000000000800383c       0x10 c:/users/assas/appdata/roaming/xpacks/@xpack-dev-tools/arm-none-eabi-gcc/12.2.1-1.2.1/.content/bin/../lib/gcc/arm-none-eabi/12.2.1/../../../../arm-none-eabi/lib/thumb/v7e-m+fp/softfp\libg_nano.a(libc_a-strlen.o)
                0x000000000800383c                strlen
 .text.sbrk_aligned
                0x000000000800384c       0x44 c:/users/assas/appdata/roaming/xpacks/@xpack-dev-tools/arm-none-eabi-gcc/12.2.1-1.2.1/.content/bin/../lib/gcc/arm-none-eabi/12.2.1/../../../../arm-none-eabi/lib/thumb/v7e-m+fp/softfp\libg_nano.a(libc_a-mallocr.o)
 .text._malloc_r
                0x0000000008003890       0xf0 c:/users/assas/appdata/roaming/xpacks/@xpack-dev-tools/arm-none-eabi-gcc/12.2.1-1.2.1/.content/bin/../lib/gcc/arm-none-eabi/12.2.1/../../../../arm-none-eabi/lib/thumb/v7e-m+fp/softfp\libg_nano.a(libc_a-mallocr.o)
                0x0000000008003890                _malloc_r
 .text.__malloc_lock
                0x0000000008003980        0xc c:/users/assas/appdata/roaming/xpacks/@xpack-dev-tools/arm-none-eabi-gcc/12.2.1-1.2.1/.content/bin/../lib/gcc/arm-none-eabi/12.2.1/../../../../arm-none-eabi/lib/thumb/v7e-m+fp/softfp\libg_nano.a(libc_a-mlock.o)
                0x0000000008003980                __malloc_lock
 .text.__malloc_unlock
                0x000000000800398c        0xc c:/users/assas/appdata/roaming/xpacks/@xpack-dev-tools/arm-none-eabi-gcc/12.2.1-1.2.1/.content/bin/../lib/gcc/arm-none-eabi/12.2.1/../../../../arm-none-eabi/lib/thumb/v7e-m+fp/softfp\libg_nano.a(libc_a-mlock.o)
                0x000000000800398c                __malloc_unlock
 .text.__ssputs_r
                0x0000000008003998       0xb6 c:/users/assas/appdata/roaming/xpacks/@xpack-dev-tools/arm-none-eabi-gcc/12.2.1-1.2.1/.content/bin/../lib/gcc/arm-none-eabi/12.2.1/../../../../arm-none-eabi/lib/thumb/v7e-m+fp/softfp\libg_nano.a(libc_a-nano-svfprintf.o)
                0x0000000008003998                __ssputs_r
 *fill*         0x0000000008003a4e        0x2 
 .text._svfprintf_r
                0x0000000008003a50      0x1f8 c:/users/assas/appdata/roaming/xpacks/@xpack-dev-tools/arm-none-eabi-gcc/12.2.1-1.2.1/.content/bin/../lib/gcc/arm-none-eabi/12.2.1/../../../../arm-none-eabi/lib/thumb/v7e-m+fp/softfp\libg_nano.a(libc_a-nano-svfprintf.o)
                0x0000000008003a50                _svfiprintf_r
                0x0000000008003a50                _svfprintf_r
 .text._printf_common
                0x0000000008003c48       0xda c:/users/assas/appdata/roaming/xpacks/@xpack-dev-tools/arm-none-eabi-gcc/12.2.1-1.2.1/.content/bin/../lib/gcc/arm-none-eabi/12.2.1/../../../../arm-none-eabi/lib/thumb/v7e-m+fp/softfp\libg_nano.a(libc_a-nano-vfprintf_i.o)
                0x0000000008003c48                _printf_common
 *fill*         0x0000000008003d22        0x2 
 .text._printf_i
                0x0000000008003d24      0x258 c:/users/assas/appdata/roaming/xpacks/@xpack-dev-tools/arm-none-eabi-gcc/12.2.1-1.2.1/.content/bin/../lib/gcc/arm-none-eabi/12.2.1/../../../../arm-none-eabi/lib/thumb/v7e-m+fp/softfp\libg_nano.a(libc_a-nano-vfprintf_i.o)
                0x0000000008003d24                _printf_i
 .text.memmove  0x0000000008003f7c       0x34 c:/users/assas/appdata/roaming/xpacks/@xpack-dev-tools/arm-none-eabi-gcc/12.2.1-1.2.1/.content/bin/../lib/gcc/arm-none-eabi/12.2.1/../../../../arm-none-eabi/lib/thumb/v7e-m+fp/softfp\libg_nano.a(libc_a-memmove.o)
                0x0000000008003f7c                memmove
 .text._sbrk_r  0x0000000008003fb0       0x20 c:/users/assas/appdata/roaming/xpacks/@xpack-dev-tools/arm-none-eabi-gcc/12.2.1-1.2.1/.content/bin/../lib/gcc/arm-none-eabi/12.2.1/../../../../arm-none-eabi/lib/thumb/v7e-m+fp/softfp\libg_nano.a(libc_a-sbrkr.o)
                0x0000000008003fb0                _sbrk_r
 .text          0x0000000008003fd0       0xa0 c:/users/assas/appdata/roaming/xpacks/@xpack-dev-tools/arm-none-eabi-gcc/12.2.1-1.2.1/.content/bin/../lib/gcc/arm-none-eabi/12.2.1/../../../../arm-none-eabi/lib/thumb/v7e-m+fp/softfp\libg_nano.a(libc_a-memchr.o)
                0x0000000008003fd0                memchr
 .text._free_r  0x0000000008004070       0x94 c:/users/assas/appdata/roaming/xpacks/@xpack-dev-tools/arm-none-eabi-gcc/12.2.1-1.2.1/.content/bin/../lib/gcc/arm-none-eabi/12.2.1/../../../../arm-none-eabi/lib/thumb/v7e-m+fp/softfp\libg_nano.a(libc_a-freer.o)
                0x0000000008004070                _free_r
 .text._realloc_r
                0x0000000008004104       0x5c c:/users/assas/appdata/roaming/xpacks/@xpack-dev-tools/arm-none-eabi-gcc/12.2.1-1.2.1/.content/bin/../lib/gcc/arm-none-eabi/12.2.1/../../../../arm-none-eabi/lib/thumb/v7e-m+fp/softfp\libg_nano.a(libc_a-reallocr.o)
                0x0000000008004104                _realloc_r
 .text._malloc_usable_size_r
                0x0000000008004160       0x10 c:/users/assas/appdata/roaming/xpacks/@xpack-dev-tools/arm-none-eabi-gcc/12.2.1-1.2.1/.content/bin/../lib/gcc/arm-none-eabi/12.2.1/../../../../arm-none-eabi/lib/thumb/v7e-m+fp/softfp\libg_nano.a(libc_a-msizer.o)
                0x0000000008004160                _malloc_usable_size_r
 *(.rodata .rodata.* .constdata .constdata.*)
 .rodata.HAL_NVIC_SetPriorityGrouping.str1.4
                0x0000000008004170       0x31 ./system/src/stm32f4-hal/stm32f4xx_hal_cortex.o
 *fill*         0x00000000080041a1        0x3 
 .rodata.HAL_GPIO_Init.str1.4
                0x00000000080041a4       0x2f ./system/src/stm32f4-hal/stm32f4xx_hal_gpio.o
 *fill*         0x00000000080041d3        0x1 
 .rodata.HAL_RCC_OscConfig.str1.4
                0x00000000080041d4       0x2e ./system/src/stm32f4-hal/stm32f4xx_hal_rcc.o
 *fill*         0x0000000008004202        0x2 
 .rodata.initialise_monitor_handles.str1.4
                0x0000000008004204        0x4 ./system/src/newlib/syscalls.o
 .rodata.trace_puts.str1.4
                0x0000000008004208        0x4 ./system/src/diag/trace.o
                                          0x2 (size before relaxing)
 .rodata.dumpExceptionStack.str1.4
                0x0000000008004208      0x11a ./system/src/cortexm/exception-handlers.o
 .rodata.isSemihosting.str1.4
                0x0000000008004322        0x4 ./system/src/cortexm/exception-handlers.o
 *fill*         0x0000000008004322        0x2 
 .rodata.str1.4
                0x0000000008004324       0x2a ./system/src/cortexm/exception-handlers.o
 *fill*         0x000000000800434e        0x2 
 .rodata.AHBPrescTable
                0x0000000008004350       0x10 ./system/src/cmsis/system_stm32f4xx.o
                0x0000000008004350                AHBPrescTable
 .rodata.assert_failed.str1.4
                0x0000000008004360       0x2d ./src/initialize-hardware.o
 *fill*         0x000000000800438d        0x3 
 .rodata.prvAutoReloadTimerCallback.str1.4
                0x0000000008004390       0x25 ./src/main.o
 *fill*         0x00000000080043b5        0x3 
 .rodata.prvOneShotTimerCallback.str1.4
                0x00000000080043b8       0x22 ./src/main.o
 *fill*         0x00000000080043da        0x2 
 .rodata.main.str1.4
                0x00000000080043dc        0xf ./src/main.o
 *fill*         0x00000000080043eb        0x1 
 .rodata.vTaskStartScheduler.str1.4
                0x00000000080043ec        0x5 ./FreeRTOS Source/tasks.o
 *fill*         0x00000000080043f1        0x3 
 .rodata.prvCheckForValidListAndQueue.str1.4
                0x00000000080043f4        0x5 ./FreeRTOS Source/timers.o
 *fill*         0x00000000080043f9        0x3 
 .rodata.xTimerCreateTimerTask.str1.4
                0x00000000080043fc        0x8 ./FreeRTOS Source/timers.o
 .rodata._ctype_
                0x0000000008004404      0x101 c:/users/assas/appdata/roaming/xpacks/@xpack-dev-tools/arm-none-eabi-gcc/12.2.1-1.2.1/.content/bin/../lib/gcc/arm-none-eabi/12.2.1/../../../../arm-none-eabi/lib/thumb/v7e-m+fp/softfp\libg_nano.a(libc_a-ctype_.o)
                0x0000000008004404                _ctype_
 .rodata._svfprintf_r.str1.1
                0x0000000008004505       0x11 c:/users/assas/appdata/roaming/xpacks/@xpack-dev-tools/arm-none-eabi-gcc/12.2.1-1.2.1/.content/bin/../lib/gcc/arm-none-eabi/12.2.1/../../../../arm-none-eabi/lib/thumb/v7e-m+fp/softfp\libg_nano.a(libc_a-nano-svfprintf.o)
 .rodata._printf_i.str1.1
                0x0000000008004516       0x22 c:/users/assas/appdata/roaming/xpacks/@xpack-dev-tools/arm-none-eabi-gcc/12.2.1-1.2.1/.content/bin/../lib/gcc/arm-none-eabi/12.2.1/../../../../arm-none-eabi/lib/thumb/v7e-m+fp/softfp\libg_nano.a(libc_a-nano-vfprintf_i.o)
 *(vtable)
 *(.eh_frame*)
 *(.glue_7)
 .glue_7        0x0000000008004538        0x0 linker stubs
 *(.glue_7t)
 .glue_7t       0x0000000008004538        0x0 linker stubs

.vfp11_veneer   0x0000000008004538        0x0
 .vfp11_veneer  0x0000000008004538        0x0 linker stubs

.v4_bx          0x0000000008004538        0x0
 .v4_bx         0x0000000008004538        0x0 linker stubs

.iplt           0x0000000008004538        0x0
 .iplt          0x0000000008004538        0x0 ./system/src/stm32f4-hal/stm32f4xx_hal.o

.ARM.extab
 *(.ARM.extab* .gnu.linkonce.armextab.*)
                0x0000000008004538                . = ALIGN (0x4)
                0x0000000008004538                __exidx_start = .

.ARM.exidx      0x0000000008004538        0x8
 *(.ARM.exidx* .gnu.linkonce.armexidx.*)
 .ARM.exidx.text.__udivmoddi4
                0x0000000008004538        0x8 c:/users/assas/appdata/roaming/xpacks/@xpack-dev-tools/arm-none-eabi-gcc/12.2.1-1.2.1/.content/bin/../lib/gcc/arm-none-eabi/12.2.1/thumb/v7e-m+fp/softfp\libgcc.a(_udivmoddi4.o)
                0x0000000008004540                __exidx_end = .

.rel.dyn        0x0000000008004540        0x0
 .rel.iplt      0x0000000008004540        0x0 ./system/src/stm32f4-hal/stm32f4xx_hal.o
                0x0000000008004540                . = ALIGN (0x4)
                0x0000000008004540                _etext = .
                0x0000000008004540                __etext = .

.data_CCMRAM    0x0000000010000000        0x0 load address 0x0000000008004540
 FILL mask 0xff
 *(.data.CCMRAM .data.CCMRAM.*)
                0x0000000010000000                . = ALIGN (0x4)
                0x0000000008004540                _sidata = LOADADDR (.data)

.data           0x0000000020000000       0x68 load address 0x0000000008004540
 FILL mask 0xff
                0x0000000020000000                _sdata = .
                0x0000000020000000                __data_start__ = .
 *(.data_begin .data_begin.*)
 .data_begin    0x0000000020000000        0x4 ./system/src/newlib/startup.o
 *(.data .data.*)
 .data.uwTickFreq
                0x0000000020000004        0x1 ./system/src/stm32f4-hal/stm32f4xx_hal.o
                0x0000000020000004                uwTickFreq
 *fill*         0x0000000020000005        0x3 ff
 .data.uwTickPrio
                0x0000000020000008        0x4 ./system/src/stm32f4-hal/stm32f4xx_hal.o
                0x0000000020000008                uwTickPrio
 .data.SystemCoreClock
                0x000000002000000c        0x4 ./system/src/cmsis/system_stm32f4xx.o
                0x000000002000000c                SystemCoreClock
 .data.uxCriticalNesting
                0x0000000020000010        0x4 ./FreeRTOS Source/portable/GCC/ARM_CM4F/port.o
 .data._impure_ptr
                0x0000000020000014        0x4 c:/users/assas/appdata/roaming/xpacks/@xpack-dev-tools/arm-none-eabi-gcc/12.2.1-1.2.1/.content/bin/../lib/gcc/arm-none-eabi/12.2.1/../../../../arm-none-eabi/lib/thumb/v7e-m+fp/softfp\libg_nano.a(libc_a-impure.o)
                0x0000000020000014                _impure_ptr
 .data._impure_data
                0x0000000020000018       0x4c c:/users/assas/appdata/roaming/xpacks/@xpack-dev-tools/arm-none-eabi-gcc/12.2.1-1.2.1/.content/bin/../lib/gcc/arm-none-eabi/12.2.1/../../../../arm-none-eabi/lib/thumb/v7e-m+fp/softfp\libg_nano.a(libc_a-impure.o)
                0x0000000020000018                _impure_data
 *(.data_end .data_end.*)
 .data_end      0x0000000020000064        0x4 ./system/src/newlib/startup.o
                0x0000000020000068                . = ALIGN (0x4)
                0x0000000020000068                _edata = .
                0x0000000020000068                __data_end__ = .

.igot.plt       0x0000000020000068        0x0 load address 0x00000000080045a8
 .igot.plt      0x0000000020000068        0x0 ./system/src/stm32f4-hal/stm32f4xx_hal.o

.bss_CCMRAM     0x0000000010000000        0x0
 *(.bss.CCMRAM .bss.CCMRAM.*)

.bss            0x0000000020000068    0x130ec
                0x0000000020000068                __bss_start__ = .
                0x0000000020000068                _sbss = .
 *(.bss_begin .bss_begin.*)
 .bss_begin     0x0000000020000068        0x4 ./system/src/newlib/startup.o
 *(.bss .bss.*)
 .bss.uwTick    0x000000002000006c        0x4 ./system/src/stm32f4-hal/stm32f4xx_hal.o
                0x000000002000006c                uwTick
 .bss.current_heap_end.0
                0x0000000020000070        0x4 ./system/src/newlib/sbrk.o
 .bss.argv_buf.0
                0x0000000020000074       0x28 ./system/src/newlib/syscalls.o
 .bss.args_buf.1
                0x000000002000009c       0x50 ./system/src/newlib/syscalls.o
 .bss.monitor_stderr
                0x00000000200000ec        0x4 ./system/src/newlib/syscalls.o
 .bss.monitor_stdout
                0x00000000200000f0        0x4 ./system/src/newlib/syscalls.o
 .bss.monitor_stdin
                0x00000000200000f4        0x4 ./system/src/newlib/syscalls.o
 .bss.openfiles
                0x00000000200000f8       0xa0 ./system/src/newlib/syscalls.o
 .bss.errno     0x0000000020000198        0x4 ./system/src/newlib/syscalls.o
                0x0000000020000198                errno
 .bss.buf.0     0x000000002000019c       0x80 ./system/src/diag/trace.o
 .bss.xTimer2Started
                0x000000002000021c        0x4 ./src/main.o
                0x000000002000021c                xTimer2Started
 .bss.xTimer1Started
                0x0000000020000220        0x4 ./src/main.o
                0x0000000020000220                xTimer1Started
 .bss.xTimer2   0x0000000020000224        0x4 ./src/main.o
 .bss.xTimer1   0x0000000020000228        0x4 ./src/main.o
 .bss.blinkLeds
                0x000000002000022c       0x40 ./src/main.o
                0x000000002000022c                blinkLeds
 .bss.xBlockAllocatedBit
                0x000000002000026c        0x4 ./FreeRTOS Source/portable/MemMang/heap_4.o
 .bss.xMinimumEverFreeBytesRemaining
                0x0000000020000270        0x4 ./FreeRTOS Source/portable/MemMang/heap_4.o
 .bss.xFreeBytesRemaining
                0x0000000020000274        0x4 ./FreeRTOS Source/portable/MemMang/heap_4.o
 .bss.pxEnd     0x0000000020000278        0x4 ./FreeRTOS Source/portable/MemMang/heap_4.o
 .bss.xStart    0x000000002000027c        0x8 ./FreeRTOS Source/portable/MemMang/heap_4.o
 .bss.ucHeap    0x0000000020000284    0x12c00 ./FreeRTOS Source/portable/MemMang/heap_4.o
 .bss.ulMaxPRIGROUPValue
                0x0000000020012e84        0x4 ./FreeRTOS Source/portable/GCC/ARM_CM4F/port.o
 .bss.ucMaxSysCallPriority
                0x0000000020012e88        0x1 ./FreeRTOS Source/portable/GCC/ARM_CM4F/port.o
 *fill*         0x0000000020012e89        0x3 
 .bss.xQueueRegistry
                0x0000000020012e8c       0x40 ./FreeRTOS Source/queue.o
                0x0000000020012e8c                xQueueRegistry
 .bss.uxSchedulerSuspended
                0x0000000020012ecc        0x4 ./FreeRTOS Source/tasks.o
 .bss.xIdleTaskHandle
                0x0000000020012ed0        0x4 ./FreeRTOS Source/tasks.o
 .bss.xNextTaskUnblockTime
                0x0000000020012ed4        0x4 ./FreeRTOS Source/tasks.o
 .bss.uxTaskNumber
                0x0000000020012ed8        0x4 ./FreeRTOS Source/tasks.o
 .bss.xNumOfOverflows
                0x0000000020012edc        0x4 ./FreeRTOS Source/tasks.o
 .bss.xYieldPending
                0x0000000020012ee0        0x4 ./FreeRTOS Source/tasks.o
 .bss.uxPendedTicks
                0x0000000020012ee4        0x4 ./FreeRTOS Source/tasks.o
 .bss.xSchedulerRunning
                0x0000000020012ee8        0x4 ./FreeRTOS Source/tasks.o
 .bss.uxTopReadyPriority
                0x0000000020012eec        0x4 ./FreeRTOS Source/tasks.o
 .bss.xTickCount
                0x0000000020012ef0        0x4 ./FreeRTOS Source/tasks.o
 .bss.uxCurrentNumberOfTasks
                0x0000000020012ef4        0x4 ./FreeRTOS Source/tasks.o
 .bss.xSuspendedTaskList
                0x0000000020012ef8       0x14 ./FreeRTOS Source/tasks.o
 .bss.uxDeletedTasksWaitingCleanUp
                0x0000000020012f0c        0x4 ./FreeRTOS Source/tasks.o
 .bss.xTasksWaitingTermination
                0x0000000020012f10       0x14 ./FreeRTOS Source/tasks.o
 .bss.xPendingReadyList
                0x0000000020012f24       0x14 ./FreeRTOS Source/tasks.o
 .bss.pxOverflowDelayedTaskList
                0x0000000020012f38        0x4 ./FreeRTOS Source/tasks.o
 .bss.pxDelayedTaskList
                0x0000000020012f3c        0x4 ./FreeRTOS Source/tasks.o
 .bss.xDelayedTaskList2
                0x0000000020012f40       0x14 ./FreeRTOS Source/tasks.o
 .bss.xDelayedTaskList1
                0x0000000020012f54       0x14 ./FreeRTOS Source/tasks.o
 .bss.pxReadyTasksLists
                0x0000000020012f68       0x64 ./FreeRTOS Source/tasks.o
 .bss.pxCurrentTCB
                0x0000000020012fcc        0x4 ./FreeRTOS Source/tasks.o
                0x0000000020012fcc                pxCurrentTCB
 .bss.xLastTime.0
                0x0000000020012fd0        0x4 ./FreeRTOS Source/timers.o
 .bss.xTimerTaskHandle
                0x0000000020012fd4        0x4 ./FreeRTOS Source/timers.o
 .bss.xTimerQueue
                0x0000000020012fd8        0x4 ./FreeRTOS Source/timers.o
 .bss.pxOverflowTimerList
                0x0000000020012fdc        0x4 ./FreeRTOS Source/timers.o
 .bss.pxCurrentTimerList
                0x0000000020012fe0        0x4 ./FreeRTOS Source/timers.o
 .bss.xActiveTimerList2
                0x0000000020012fe4       0x14 ./FreeRTOS Source/timers.o
 .bss.xActiveTimerList1
                0x0000000020012ff8       0x14 ./FreeRTOS Source/timers.o
 .bss.__sf      0x000000002001300c      0x138 c:/users/assas/appdata/roaming/xpacks/@xpack-dev-tools/arm-none-eabi-gcc/12.2.1-1.2.1/.content/bin/../lib/gcc/arm-none-eabi/12.2.1/../../../../arm-none-eabi/lib/thumb/v7e-m+fp/softfp\libg_nano.a(libc_a-findfp.o)
                0x000000002001300c                __sf
 .bss.__lock___malloc_recursive_mutex
                0x0000000020013144        0x1 c:/users/assas/appdata/roaming/xpacks/@xpack-dev-tools/arm-none-eabi-gcc/12.2.1-1.2.1/.content/bin/../lib/gcc/arm-none-eabi/12.2.1/../../../../arm-none-eabi/lib/thumb/v7e-m+fp/softfp\libg_nano.a(libc_a-lock.o)
                0x0000000020013144                __lock___malloc_recursive_mutex
 *fill*         0x0000000020013145        0x3 
 .bss.__malloc_sbrk_start
                0x0000000020013148        0x4 c:/users/assas/appdata/roaming/xpacks/@xpack-dev-tools/arm-none-eabi-gcc/12.2.1-1.2.1/.content/bin/../lib/gcc/arm-none-eabi/12.2.1/../../../../arm-none-eabi/lib/thumb/v7e-m+fp/softfp\libg_nano.a(libc_a-mallocr.o)
                0x0000000020013148                __malloc_sbrk_start
 .bss.__malloc_free_list
                0x000000002001314c        0x4 c:/users/assas/appdata/roaming/xpacks/@xpack-dev-tools/arm-none-eabi-gcc/12.2.1-1.2.1/.content/bin/../lib/gcc/arm-none-eabi/12.2.1/../../../../arm-none-eabi/lib/thumb/v7e-m+fp/softfp\libg_nano.a(libc_a-mallocr.o)
                0x000000002001314c                __malloc_free_list
 *(COMMON)
 *(.bss_end .bss_end.*)
 .bss_end       0x0000000020013150        0x4 ./system/src/newlib/startup.o
                0x0000000020013154                . = ALIGN (0x4)
                0x0000000020013154                __bss_end__ = .
                0x0000000020013154                _ebss = .

.noinit_CCMRAM
 *(.noinit.CCMRAM .noinit.CCMRAM.*)

.noinit         0x0000000020013154        0x0
                0x0000000020013154                _noinit = .
 *(.noinit .noinit.*)
                0x0000000020013154                . = ALIGN (0x4)
                0x0000000020013154                _end_noinit = .
                [!provide]                        PROVIDE (end = _end_noinit)
                [!provide]                        PROVIDE (_end = _end_noinit)
                [!provide]                        PROVIDE (__end = _end_noinit)
                [!provide]                        PROVIDE (__end__ = _end_noinit)

._check_stack   0x0000000020013154      0x100
                0x0000000020013254                . = (. + _Minimum_Stack_Size)
 *fill*         0x0000000020013154      0x100 

.b1text
 *(.b1text)
 *(.b1rodata)
 *(.b1rodata.*)

.eb0text
 *(.eb0text)
 *(.eb0rodata)
 *(.eb0rodata.*)

.eb1text
 *(.eb1text)
 *(.eb1rodata)
 *(.eb1rodata.*)

.eb2text
 *(.eb2text)
 *(.eb2rodata)
 *(.eb2rodata.*)

.eb3text
 *(.eb3text)
 *(.eb3rodata)
 *(.eb3rodata.*)

.stab
 *(.stab)

.stabstr
 *(.stabstr)

.stab.excl
 *(.stab.excl)

.stab.exclstr
 *(.stab.exclstr)

.stab.index
 *(.stab.index)

.stab.indexstr
 *(.stab.indexstr)

.comment        0x0000000000000000       0x39
 *(.comment)
 .comment       0x0000000000000000       0x39 ./system/src/stm32f4-hal/stm32f4xx_hal.o
                                         0x3a (size before relaxing)
 .comment       0x0000000000000039       0x3a ./system/src/stm32f4-hal/stm32f4xx_hal_cortex.o
 .comment       0x0000000000000039       0x3a ./system/src/stm32f4-hal/stm32f4xx_hal_gpio.o
 .comment       0x0000000000000039       0x3a ./system/src/stm32f4-hal/stm32f4xx_hal_rcc.o
 .comment       0x0000000000000039       0x3a ./system/src/newlib/sbrk.o
 .comment       0x0000000000000039       0x3a ./system/src/newlib/startup.o
 .comment       0x0000000000000039       0x3a ./system/src/newlib/syscalls.o
 .comment       0x0000000000000039       0x3a ./system/src/diag/trace-impl.o
 .comment       0x0000000000000039       0x3a ./system/src/diag/trace.o
 .comment       0x0000000000000039       0x3a ./system/src/cortexm/exception-handlers.o
 .comment       0x0000000000000039       0x3a ./system/src/cortexm/initialize-hardware.o
 .comment       0x0000000000000039       0x3a ./system/src/cmsis/system_stm32f4xx.o
 .comment       0x0000000000000039       0x3a ./system/src/cmsis/vectors_stm32f407xx.o
 .comment       0x0000000000000039       0x3a ./src/initialize-hardware.o
 .comment       0x0000000000000039       0x3a ./src/led.o
 .comment       0x0000000000000039       0x3a ./src/main.o
 .comment       0x0000000000000039       0x3a ./src/stm32f4xx_hal_msp.o
 .comment       0x0000000000000039       0x3a ./FreeRTOS Source/portable/MemMang/heap_4.o
 .comment       0x0000000000000039       0x3a ./FreeRTOS Source/portable/GCC/ARM_CM4F/port.o
 .comment       0x0000000000000039       0x3a ./FreeRTOS Source/list.o
 .comment       0x0000000000000039       0x3a ./FreeRTOS Source/queue.o
 .comment       0x0000000000000039       0x3a ./FreeRTOS Source/tasks.o
 .comment       0x0000000000000039       0x3a ./FreeRTOS Source/timers.o
 .comment       0x0000000000000039       0x3a c:/users/assas/appdata/roaming/xpacks/@xpack-dev-tools/arm-none-eabi-gcc/12.2.1-1.2.1/.content/bin/../lib/gcc/arm-none-eabi/12.2.1/thumb/v7e-m+fp/softfp\libgcc.a(_udivmoddi4.o)
 .comment       0x0000000000000039       0x3a c:/users/assas/appdata/roaming/xpacks/@xpack-dev-tools/arm-none-eabi-gcc/12.2.1-1.2.1/.content/bin/../lib/gcc/arm-none-eabi/12.2.1/../../../../arm-none-eabi/lib/thumb/v7e-m+fp/softfp\libg_nano.a(libc_a-ctype_.o)
 .comment       0x0000000000000039       0x3a c:/users/assas/appdata/roaming/xpacks/@xpack-dev-tools/arm-none-eabi-gcc/12.2.1-1.2.1/.content/bin/../lib/gcc/arm-none-eabi/12.2.1/../../../../arm-none-eabi/lib/thumb/v7e-m+fp/softfp\libg_nano.a(libc_a-findfp.o)
 .comment       0x0000000000000039       0x3a c:/users/assas/appdata/roaming/xpacks/@xpack-dev-tools/arm-none-eabi-gcc/12.2.1-1.2.1/.content/bin/../lib/gcc/arm-none-eabi/12.2.1/../../../../arm-none-eabi/lib/thumb/v7e-m+fp/softfp\libg_nano.a(libc_a-vsnprintf.o)
 .comment       0x0000000000000039       0x3a c:/users/assas/appdata/roaming/xpacks/@xpack-dev-tools/arm-none-eabi-gcc/12.2.1-1.2.1/.content/bin/../lib/gcc/arm-none-eabi/12.2.1/../../../../arm-none-eabi/lib/thumb/v7e-m+fp/softfp\libg_nano.a(libc_a-memset.o)
 .comment       0x0000000000000039       0x3a c:/users/assas/appdata/roaming/xpacks/@xpack-dev-tools/arm-none-eabi-gcc/12.2.1-1.2.1/.content/bin/../lib/gcc/arm-none-eabi/12.2.1/../../../../arm-none-eabi/lib/thumb/v7e-m+fp/softfp\libg_nano.a(libc_a-impure.o)
 .comment       0x0000000000000039       0x3a c:/users/assas/appdata/roaming/xpacks/@xpack-dev-tools/arm-none-eabi-gcc/12.2.1-1.2.1/.content/bin/../lib/gcc/arm-none-eabi/12.2.1/../../../../arm-none-eabi/lib/thumb/v7e-m+fp/softfp\libg_nano.a(libc_a-errno.o)
 .comment       0x0000000000000039       0x3a c:/users/assas/appdata/roaming/xpacks/@xpack-dev-tools/arm-none-eabi-gcc/12.2.1-1.2.1/.content/bin/../lib/gcc/arm-none-eabi/12.2.1/../../../../arm-none-eabi/lib/thumb/v7e-m+fp/softfp\libg_nano.a(libc_a-lock.o)
 .comment       0x0000000000000039       0x3a c:/users/assas/appdata/roaming/xpacks/@xpack-dev-tools/arm-none-eabi-gcc/12.2.1-1.2.1/.content/bin/../lib/gcc/arm-none-eabi/12.2.1/../../../../arm-none-eabi/lib/thumb/v7e-m+fp/softfp\libg_nano.a(libc_a-memcpy-stub.o)
 .comment       0x0000000000000039       0x3a c:/users/assas/appdata/roaming/xpacks/@xpack-dev-tools/arm-none-eabi-gcc/12.2.1-1.2.1/.content/bin/../lib/gcc/arm-none-eabi/12.2.1/../../../../arm-none-eabi/lib/thumb/v7e-m+fp/softfp\libg_nano.a(libc_a-mallocr.o)
 .comment       0x0000000000000039       0x3a c:/users/assas/appdata/roaming/xpacks/@xpack-dev-tools/arm-none-eabi-gcc/12.2.1-1.2.1/.content/bin/../lib/gcc/arm-none-eabi/12.2.1/../../../../arm-none-eabi/lib/thumb/v7e-m+fp/softfp\libg_nano.a(libc_a-mlock.o)
 .comment       0x0000000000000039       0x3a c:/users/assas/appdata/roaming/xpacks/@xpack-dev-tools/arm-none-eabi-gcc/12.2.1-1.2.1/.content/bin/../lib/gcc/arm-none-eabi/12.2.1/../../../../arm-none-eabi/lib/thumb/v7e-m+fp/softfp\libg_nano.a(libc_a-nano-svfprintf.o)
 .comment       0x0000000000000039       0x3a c:/users/assas/appdata/roaming/xpacks/@xpack-dev-tools/arm-none-eabi-gcc/12.2.1-1.2.1/.content/bin/../lib/gcc/arm-none-eabi/12.2.1/../../../../arm-none-eabi/lib/thumb/v7e-m+fp/softfp\libg_nano.a(libc_a-nano-vfprintf_i.o)
 .comment       0x0000000000000039       0x3a c:/users/assas/appdata/roaming/xpacks/@xpack-dev-tools/arm-none-eabi-gcc/12.2.1-1.2.1/.content/bin/../lib/gcc/arm-none-eabi/12.2.1/../../../../arm-none-eabi/lib/thumb/v7e-m+fp/softfp\libg_nano.a(libc_a-memmove.o)
 .comment       0x0000000000000039       0x3a c:/users/assas/appdata/roaming/xpacks/@xpack-dev-tools/arm-none-eabi-gcc/12.2.1-1.2.1/.content/bin/../lib/gcc/arm-none-eabi/12.2.1/../../../../arm-none-eabi/lib/thumb/v7e-m+fp/softfp\libg_nano.a(libc_a-sbrkr.o)
 .comment       0x0000000000000039       0x3a c:/users/assas/appdata/roaming/xpacks/@xpack-dev-tools/arm-none-eabi-gcc/12.2.1-1.2.1/.content/bin/../lib/gcc/arm-none-eabi/12.2.1/../../../../arm-none-eabi/lib/thumb/v7e-m+fp/softfp\libg_nano.a(libc_a-freer.o)
 .comment       0x0000000000000039       0x3a c:/users/assas/appdata/roaming/xpacks/@xpack-dev-tools/arm-none-eabi-gcc/12.2.1-1.2.1/.content/bin/../lib/gcc/arm-none-eabi/12.2.1/../../../../arm-none-eabi/lib/thumb/v7e-m+fp/softfp\libg_nano.a(libc_a-reallocr.o)
 .comment       0x0000000000000039       0x3a c:/users/assas/appdata/roaming/xpacks/@xpack-dev-tools/arm-none-eabi-gcc/12.2.1-1.2.1/.content/bin/../lib/gcc/arm-none-eabi/12.2.1/../../../../arm-none-eabi/lib/thumb/v7e-m+fp/softfp\libg_nano.a(libc_a-msizer.o)

.ARM.attributes
                0x0000000000000000       0x30
 .ARM.attributes
                0x0000000000000000       0x32 ./system/src/stm32f4-hal/stm32f4xx_hal.o
 .ARM.attributes
                0x0000000000000032       0x32 ./system/src/stm32f4-hal/stm32f4xx_hal_cortex.o
 .ARM.attributes
                0x0000000000000064       0x32 ./system/src/stm32f4-hal/stm32f4xx_hal_gpio.o
 .ARM.attributes
                0x0000000000000096       0x32 ./system/src/stm32f4-hal/stm32f4xx_hal_rcc.o
 .ARM.attributes
                0x00000000000000c8       0x32 ./system/src/newlib/sbrk.o
 .ARM.attributes
                0x00000000000000fa       0x32 ./system/src/newlib/startup.o
 .ARM.attributes
                0x000000000000012c       0x32 ./system/src/newlib/syscalls.o
 .ARM.attributes
                0x000000000000015e       0x32 ./system/src/diag/trace-impl.o
 .ARM.attributes
                0x0000000000000190       0x32 ./system/src/diag/trace.o
 .ARM.attributes
                0x00000000000001c2       0x32 ./system/src/cortexm/exception-handlers.o
 .ARM.attributes
                0x00000000000001f4       0x32 ./system/src/cortexm/initialize-hardware.o
 .ARM.attributes
                0x0000000000000226       0x32 ./system/src/cmsis/system_stm32f4xx.o
 .ARM.attributes
                0x0000000000000258       0x32 ./system/src/cmsis/vectors_stm32f407xx.o
 .ARM.attributes
                0x000000000000028a       0x32 ./src/initialize-hardware.o
 .ARM.attributes
                0x00000000000002bc       0x32 ./src/led.o
 .ARM.attributes
                0x00000000000002ee       0x32 ./src/main.o
 .ARM.attributes
                0x0000000000000320       0x32 ./src/stm32f4xx_hal_msp.o
 .ARM.attributes
                0x0000000000000352       0x32 ./FreeRTOS Source/portable/MemMang/heap_4.o
 .ARM.attributes
                0x0000000000000384       0x32 ./FreeRTOS Source/portable/GCC/ARM_CM4F/port.o
 .ARM.attributes
                0x00000000000003b6       0x32 ./FreeRTOS Source/list.o
 .ARM.attributes
                0x00000000000003e8       0x32 ./FreeRTOS Source/queue.o
 .ARM.attributes
                0x000000000000041a       0x32 ./FreeRTOS Source/tasks.o
 .ARM.attributes
                0x000000000000044c       0x32 ./FreeRTOS Source/timers.o
 .ARM.attributes
                0x000000000000047e       0x22 c:/users/assas/appdata/roaming/xpacks/@xpack-dev-tools/arm-none-eabi-gcc/12.2.1-1.2.1/.content/bin/../lib/gcc/arm-none-eabi/12.2.1/thumb/v7e-m+fp/softfp\libgcc.a(_aeabi_uldivmod.o)
 .ARM.attributes
                0x00000000000004a0       0x32 c:/users/assas/appdata/roaming/xpacks/@xpack-dev-tools/arm-none-eabi-gcc/12.2.1-1.2.1/.content/bin/../lib/gcc/arm-none-eabi/12.2.1/thumb/v7e-m+fp/softfp\libgcc.a(_udivmoddi4.o)
 .ARM.attributes
                0x00000000000004d2       0x22 c:/users/assas/appdata/roaming/xpacks/@xpack-dev-tools/arm-none-eabi-gcc/12.2.1-1.2.1/.content/bin/../lib/gcc/arm-none-eabi/12.2.1/thumb/v7e-m+fp/softfp\libgcc.a(_dvmd_tls.o)
 .ARM.attributes
                0x00000000000004f4       0x32 c:/users/assas/appdata/roaming/xpacks/@xpack-dev-tools/arm-none-eabi-gcc/12.2.1-1.2.1/.content/bin/../lib/gcc/arm-none-eabi/12.2.1/../../../../arm-none-eabi/lib/thumb/v7e-m+fp/softfp\libg_nano.a(libc_a-ctype_.o)
 .ARM.attributes
                0x0000000000000526       0x32 c:/users/assas/appdata/roaming/xpacks/@xpack-dev-tools/arm-none-eabi-gcc/12.2.1-1.2.1/.content/bin/../lib/gcc/arm-none-eabi/12.2.1/../../../../arm-none-eabi/lib/thumb/v7e-m+fp/softfp\libg_nano.a(libc_a-findfp.o)
 .ARM.attributes
                0x0000000000000558       0x32 c:/users/assas/appdata/roaming/xpacks/@xpack-dev-tools/arm-none-eabi-gcc/12.2.1-1.2.1/.content/bin/../lib/gcc/arm-none-eabi/12.2.1/../../../../arm-none-eabi/lib/thumb/v7e-m+fp/softfp\libg_nano.a(libc_a-vsnprintf.o)
 .ARM.attributes
                0x000000000000058a       0x32 c:/users/assas/appdata/roaming/xpacks/@xpack-dev-tools/arm-none-eabi-gcc/12.2.1-1.2.1/.content/bin/../lib/gcc/arm-none-eabi/12.2.1/../../../../arm-none-eabi/lib/thumb/v7e-m+fp/softfp\libg_nano.a(libc_a-memset.o)
 .ARM.attributes
                0x00000000000005bc       0x32 c:/users/assas/appdata/roaming/xpacks/@xpack-dev-tools/arm-none-eabi-gcc/12.2.1-1.2.1/.content/bin/../lib/gcc/arm-none-eabi/12.2.1/../../../../arm-none-eabi/lib/thumb/v7e-m+fp/softfp\libg_nano.a(libc_a-impure.o)
 .ARM.attributes
                0x00000000000005ee       0x32 c:/users/assas/appdata/roaming/xpacks/@xpack-dev-tools/arm-none-eabi-gcc/12.2.1-1.2.1/.content/bin/../lib/gcc/arm-none-eabi/12.2.1/../../../../arm-none-eabi/lib/thumb/v7e-m+fp/softfp\libg_nano.a(libc_a-errno.o)
 .ARM.attributes
                0x0000000000000620       0x32 c:/users/assas/appdata/roaming/xpacks/@xpack-dev-tools/arm-none-eabi-gcc/12.2.1-1.2.1/.content/bin/../lib/gcc/arm-none-eabi/12.2.1/../../../../arm-none-eabi/lib/thumb/v7e-m+fp/softfp\libg_nano.a(libc_a-lock.o)
 .ARM.attributes
                0x0000000000000652       0x20 c:/users/assas/appdata/roaming/xpacks/@xpack-dev-tools/arm-none-eabi-gcc/12.2.1-1.2.1/.content/bin/../lib/gcc/arm-none-eabi/12.2.1/../../../../arm-none-eabi/lib/thumb/v7e-m+fp/softfp\libg_nano.a(libc_a-strcmp.o)
 .ARM.attributes
                0x0000000000000672       0x32 c:/users/assas/appdata/roaming/xpacks/@xpack-dev-tools/arm-none-eabi-gcc/12.2.1-1.2.1/.content/bin/../lib/gcc/arm-none-eabi/12.2.1/../../../../arm-none-eabi/lib/thumb/v7e-m+fp/softfp\libg_nano.a(libc_a-memcpy-stub.o)
 .ARM.attributes
                0x00000000000006a4       0x17 c:/users/assas/appdata/roaming/xpacks/@xpack-dev-tools/arm-none-eabi-gcc/12.2.1-1.2.1/.content/bin/../lib/gcc/arm-none-eabi/12.2.1/../../../../arm-none-eabi/lib/thumb/v7e-m+fp/softfp\libg_nano.a(libc_a-strlen.o)
 .ARM.attributes
                0x00000000000006bb       0x32 c:/users/assas/appdata/roaming/xpacks/@xpack-dev-tools/arm-none-eabi-gcc/12.2.1-1.2.1/.content/bin/../lib/gcc/arm-none-eabi/12.2.1/../../../../arm-none-eabi/lib/thumb/v7e-m+fp/softfp\libg_nano.a(libc_a-mallocr.o)
 .ARM.attributes
                0x00000000000006ed       0x32 c:/users/assas/appdata/roaming/xpacks/@xpack-dev-tools/arm-none-eabi-gcc/12.2.1-1.2.1/.content/bin/../lib/gcc/arm-none-eabi/12.2.1/../../../../arm-none-eabi/lib/thumb/v7e-m+fp/softfp\libg_nano.a(libc_a-mlock.o)
 .ARM.attributes
                0x000000000000071f       0x32 c:/users/assas/appdata/roaming/xpacks/@xpack-dev-tools/arm-none-eabi-gcc/12.2.1-1.2.1/.content/bin/../lib/gcc/arm-none-eabi/12.2.1/../../../../arm-none-eabi/lib/thumb/v7e-m+fp/softfp\libg_nano.a(libc_a-nano-svfprintf.o)
 .ARM.attributes
                0x0000000000000751       0x32 c:/users/assas/appdata/roaming/xpacks/@xpack-dev-tools/arm-none-eabi-gcc/12.2.1-1.2.1/.content/bin/../lib/gcc/arm-none-eabi/12.2.1/../../../../arm-none-eabi/lib/thumb/v7e-m+fp/softfp\libg_nano.a(libc_a-nano-vfprintf_i.o)
 .ARM.attributes
                0x0000000000000783       0x32 c:/users/assas/appdata/roaming/xpacks/@xpack-dev-tools/arm-none-eabi-gcc/12.2.1-1.2.1/.content/bin/../lib/gcc/arm-none-eabi/12.2.1/../../../../arm-none-eabi/lib/thumb/v7e-m+fp/softfp\libg_nano.a(libc_a-memmove.o)
 .ARM.attributes
                0x00000000000007b5       0x32 c:/users/assas/appdata/roaming/xpacks/@xpack-dev-tools/arm-none-eabi-gcc/12.2.1-1.2.1/.content/bin/../lib/gcc/arm-none-eabi/12.2.1/../../../../arm-none-eabi/lib/thumb/v7e-m+fp/softfp\libg_nano.a(libc_a-sbrkr.o)
 .ARM.attributes
                0x00000000000007e7       0x1c c:/users/assas/appdata/roaming/xpacks/@xpack-dev-tools/arm-none-eabi-gcc/12.2.1-1.2.1/.content/bin/../lib/gcc/arm-none-eabi/12.2.1/../../../../arm-none-eabi/lib/thumb/v7e-m+fp/softfp\libg_nano.a(libc_a-memchr.o)
 .ARM.attributes
                0x0000000000000803       0x32 c:/users/assas/appdata/roaming/xpacks/@xpack-dev-tools/arm-none-eabi-gcc/12.2.1-1.2.1/.content/bin/../lib/gcc/arm-none-eabi/12.2.1/../../../../arm-none-eabi/lib/thumb/v7e-m+fp/softfp\libg_nano.a(libc_a-freer.o)
 .ARM.attributes
                0x0000000000000835       0x32 c:/users/assas/appdata/roaming/xpacks/@xpack-dev-tools/arm-none-eabi-gcc/12.2.1-1.2.1/.content/bin/../lib/gcc/arm-none-eabi/12.2.1/../../../../arm-none-eabi/lib/thumb/v7e-m+fp/softfp\libg_nano.a(libc_a-reallocr.o)
 .ARM.attributes
                0x0000000000000867       0x32 c:/users/assas/appdata/roaming/xpacks/@xpack-dev-tools/arm-none-eabi-gcc/12.2.1-1.2.1/.content/bin/../lib/gcc/arm-none-eabi/12.2.1/../../../../arm-none-eabi/lib/thumb/v7e-m+fp/softfp\libg_nano.a(libc_a-msizer.o)

.debug
 *(.debug)

.line
 *(.line)

.debug_srcinfo
 *(.debug_srcinfo)

.debug_sfnames
 *(.debug_sfnames)

.debug_aranges  0x0000000000000000      0xbb8
 *(.debug_aranges)
 .debug_aranges
                0x0000000000000000       0xf0 ./system/src/stm32f4-hal/stm32f4xx_hal.o
 .debug_aranges
                0x00000000000000f0       0xd8 ./system/src/stm32f4-hal/stm32f4xx_hal_cortex.o
 .debug_aranges
                0x00000000000001c8       0x58 ./system/src/stm32f4-hal/stm32f4xx_hal_gpio.o
 .debug_aranges
                0x0000000000000220       0x88 ./system/src/stm32f4-hal/stm32f4xx_hal_rcc.o
 .debug_aranges
                0x00000000000002a8       0x20 ./system/src/newlib/sbrk.o
 .debug_aranges
                0x00000000000002c8       0x40 ./system/src/newlib/startup.o
 .debug_aranges
                0x0000000000000308      0x120 ./system/src/newlib/syscalls.o
 .debug_aranges
                0x0000000000000428       0x30 ./system/src/diag/trace-impl.o
 .debug_aranges
                0x0000000000000458       0x38 ./system/src/diag/trace.o
 .debug_aranges
                0x0000000000000490       0x98 ./system/src/cortexm/exception-handlers.o
 .debug_aranges
                0x0000000000000528       0x28 ./system/src/cortexm/initialize-hardware.o
 .debug_aranges
                0x0000000000000550       0x28 ./system/src/cmsis/system_stm32f4xx.o
 .debug_aranges
                0x0000000000000578       0x20 ./system/src/cmsis/vectors_stm32f407xx.o
 .debug_aranges
                0x0000000000000598       0x30 ./src/initialize-hardware.o
 .debug_aranges
                0x00000000000005c8       0x48 ./src/led.o
 .debug_aranges
                0x0000000000000610       0x60 ./src/main.o
 .debug_aranges
                0x0000000000000670       0x38 ./src/stm32f4xx_hal_msp.o
 .debug_aranges
                0x00000000000006a8       0x50 ./FreeRTOS Source/portable/MemMang/heap_4.o
 .debug_aranges
                0x00000000000006f8       0x78 ./FreeRTOS Source/portable/GCC/ARM_CM4F/port.o
 .debug_aranges
                0x0000000000000770       0x40 ./FreeRTOS Source/list.o
 .debug_aranges
                0x00000000000007b0      0x118 ./FreeRTOS Source/queue.o
 .debug_aranges
                0x00000000000008c8      0x1d8 ./FreeRTOS Source/tasks.o
 .debug_aranges
                0x0000000000000aa0       0xb8 ./FreeRTOS Source/timers.o
 .debug_aranges
                0x0000000000000b58       0x20 c:/users/assas/appdata/roaming/xpacks/@xpack-dev-tools/arm-none-eabi-gcc/12.2.1-1.2.1/.content/bin/../lib/gcc/arm-none-eabi/12.2.1/thumb/v7e-m+fp/softfp\libgcc.a(_aeabi_uldivmod.o)
 .debug_aranges
                0x0000000000000b78       0x20 c:/users/assas/appdata/roaming/xpacks/@xpack-dev-tools/arm-none-eabi-gcc/12.2.1-1.2.1/.content/bin/../lib/gcc/arm-none-eabi/12.2.1/thumb/v7e-m+fp/softfp\libgcc.a(_udivmoddi4.o)
 .debug_aranges
                0x0000000000000b98       0x20 c:/users/assas/appdata/roaming/xpacks/@xpack-dev-tools/arm-none-eabi-gcc/12.2.1-1.2.1/.content/bin/../lib/gcc/arm-none-eabi/12.2.1/thumb/v7e-m+fp/softfp\libgcc.a(_dvmd_tls.o)

.debug_pubnames
 *(.debug_pubnames)

.debug_info     0x0000000000000000     0xf357
 *(.debug_info .gnu.linkonce.wi.*)
 .debug_info    0x0000000000000000      0xa42 ./system/src/stm32f4-hal/stm32f4xx_hal.o
 .debug_info    0x0000000000000a42     0x1220 ./system/src/stm32f4-hal/stm32f4xx_hal_cortex.o
 .debug_info    0x0000000000001c62      0x899 ./system/src/stm32f4-hal/stm32f4xx_hal_gpio.o
 .debug_info    0x00000000000024fb      0xd1e ./system/src/stm32f4-hal/stm32f4xx_hal_rcc.o
 .debug_info    0x0000000000003219      0x10f ./system/src/newlib/sbrk.o
 .debug_info    0x0000000000003328      0x55b ./system/src/newlib/startup.o
 .debug_info    0x0000000000003883     0x20a3 ./system/src/newlib/syscalls.o
 .debug_info    0x0000000000005926      0x319 ./system/src/diag/trace-impl.o
 .debug_info    0x0000000000005c3f      0x341 ./system/src/diag/trace.o
 .debug_info    0x0000000000005f80      0x9fa ./system/src/cortexm/exception-handlers.o
 .debug_info    0x000000000000697a      0x292 ./system/src/cortexm/initialize-hardware.o
 .debug_info    0x0000000000006c0c      0x52b ./system/src/cmsis/system_stm32f4xx.o
 .debug_info    0x0000000000007137      0x10b ./system/src/cmsis/vectors_stm32f407xx.o
 .debug_info    0x0000000000007242      0x5a8 ./src/initialize-hardware.o
 .debug_info    0x00000000000077ea      0x4be ./src/led.o
 .debug_info    0x0000000000007ca8      0x80e ./src/main.o
 .debug_info    0x00000000000084b6       0xb8 ./src/stm32f4xx_hal_msp.o
 .debug_info    0x000000000000856e      0x497 ./FreeRTOS Source/portable/MemMang/heap_4.o
 .debug_info    0x0000000000008a05      0x50e ./FreeRTOS Source/portable/GCC/ARM_CM4F/port.o
 .debug_info    0x0000000000008f13      0x2b9 ./FreeRTOS Source/list.o
 .debug_info    0x00000000000091cc     0x1ca2 ./FreeRTOS Source/queue.o
 .debug_info    0x000000000000ae6e     0x2b35 ./FreeRTOS Source/tasks.o
 .debug_info    0x000000000000d9a3     0x125a ./FreeRTOS Source/timers.o
 .debug_info    0x000000000000ebfd       0x24 c:/users/assas/appdata/roaming/xpacks/@xpack-dev-tools/arm-none-eabi-gcc/12.2.1-1.2.1/.content/bin/../lib/gcc/arm-none-eabi/12.2.1/thumb/v7e-m+fp/softfp\libgcc.a(_aeabi_uldivmod.o)
 .debug_info    0x000000000000ec21      0x6fd c:/users/assas/appdata/roaming/xpacks/@xpack-dev-tools/arm-none-eabi-gcc/12.2.1-1.2.1/.content/bin/../lib/gcc/arm-none-eabi/12.2.1/thumb/v7e-m+fp/softfp\libgcc.a(_udivmoddi4.o)
 .debug_info    0x000000000000f31e       0x39 c:/users/assas/appdata/roaming/xpacks/@xpack-dev-tools/arm-none-eabi-gcc/12.2.1-1.2.1/.content/bin/../lib/gcc/arm-none-eabi/12.2.1/thumb/v7e-m+fp/softfp\libgcc.a(_dvmd_tls.o)

.debug_abbrev   0x0000000000000000     0x33e6
 *(.debug_abbrev)
 .debug_abbrev  0x0000000000000000      0x248 ./system/src/stm32f4-hal/stm32f4xx_hal.o
 .debug_abbrev  0x0000000000000248      0x400 ./system/src/stm32f4-hal/stm32f4xx_hal_cortex.o
 .debug_abbrev  0x0000000000000648      0x23f ./system/src/stm32f4-hal/stm32f4xx_hal_gpio.o
 .debug_abbrev  0x0000000000000887      0x2dd ./system/src/stm32f4-hal/stm32f4xx_hal_rcc.o
 .debug_abbrev  0x0000000000000b64       0xcc ./system/src/newlib/sbrk.o
 .debug_abbrev  0x0000000000000c30      0x25a ./system/src/newlib/startup.o
 .debug_abbrev  0x0000000000000e8a      0x493 ./system/src/newlib/syscalls.o
 .debug_abbrev  0x000000000000131d      0x1e6 ./system/src/diag/trace-impl.o
 .debug_abbrev  0x0000000000001503      0x17d ./system/src/diag/trace.o
 .debug_abbrev  0x0000000000001680      0x2c4 ./system/src/cortexm/exception-handlers.o
 .debug_abbrev  0x0000000000001944      0x104 ./system/src/cortexm/initialize-hardware.o
 .debug_abbrev  0x0000000000001a48      0x120 ./system/src/cmsis/system_stm32f4xx.o
 .debug_abbrev  0x0000000000001b68       0xb8 ./system/src/cmsis/vectors_stm32f407xx.o
 .debug_abbrev  0x0000000000001c20      0x216 ./src/initialize-hardware.o
 .debug_abbrev  0x0000000000001e36      0x1e5 ./src/led.o
 .debug_abbrev  0x000000000000201b      0x25f ./src/main.o
 .debug_abbrev  0x000000000000227a       0x47 ./src/stm32f4xx_hal_msp.o
 .debug_abbrev  0x00000000000022c1      0x258 ./FreeRTOS Source/portable/MemMang/heap_4.o
 .debug_abbrev  0x0000000000002519      0x239 ./FreeRTOS Source/portable/GCC/ARM_CM4F/port.o
 .debug_abbrev  0x0000000000002752      0x105 ./FreeRTOS Source/list.o
 .debug_abbrev  0x0000000000002857      0x35f ./FreeRTOS Source/queue.o
 .debug_abbrev  0x0000000000002bb6      0x3eb ./FreeRTOS Source/tasks.o
 .debug_abbrev  0x0000000000002fa1      0x2a8 ./FreeRTOS Source/timers.o
 .debug_abbrev  0x0000000000003249       0x14 c:/users/assas/appdata/roaming/xpacks/@xpack-dev-tools/arm-none-eabi-gcc/12.2.1-1.2.1/.content/bin/../lib/gcc/arm-none-eabi/12.2.1/thumb/v7e-m+fp/softfp\libgcc.a(_aeabi_uldivmod.o)
 .debug_abbrev  0x000000000000325d      0x16a c:/users/assas/appdata/roaming/xpacks/@xpack-dev-tools/arm-none-eabi-gcc/12.2.1-1.2.1/.content/bin/../lib/gcc/arm-none-eabi/12.2.1/thumb/v7e-m+fp/softfp\libgcc.a(_udivmoddi4.o)
 .debug_abbrev  0x00000000000033c7       0x1f c:/users/assas/appdata/roaming/xpacks/@xpack-dev-tools/arm-none-eabi-gcc/12.2.1-1.2.1/.content/bin/../lib/gcc/arm-none-eabi/12.2.1/thumb/v7e-m+fp/softfp\libgcc.a(_dvmd_tls.o)

.debug_line     0x0000000000000000    0x1325c
 *(.debug_line)
 .debug_line    0x0000000000000000      0xda4 ./system/src/stm32f4-hal/stm32f4xx_hal.o
 .debug_line    0x0000000000000da4     0x1224 ./system/src/stm32f4-hal/stm32f4xx_hal_cortex.o
 .debug_line    0x0000000000001fc8     0x1041 ./system/src/stm32f4-hal/stm32f4xx_hal_gpio.o
 .debug_line    0x0000000000003009     0x144a ./system/src/stm32f4-hal/stm32f4xx_hal_rcc.o
 .debug_line    0x0000000000004453      0x3fb ./system/src/newlib/sbrk.o
 .debug_line    0x000000000000484e      0x68e ./system/src/newlib/startup.o
 .debug_line    0x0000000000004edc     0x11a0 ./system/src/newlib/syscalls.o
 .debug_line    0x000000000000607c      0xc52 ./system/src/diag/trace-impl.o
 .debug_line    0x0000000000006cce      0x4e5 ./system/src/diag/trace.o
 .debug_line    0x00000000000071b3      0xfe5 ./system/src/cortexm/exception-handlers.o
 .debug_line    0x0000000000008198      0xa66 ./system/src/cortexm/initialize-hardware.o
 .debug_line    0x0000000000008bfe      0xaf8 ./system/src/cmsis/system_stm32f4xx.o
 .debug_line    0x00000000000096f6      0x2fe ./system/src/cmsis/vectors_stm32f407xx.o
 .debug_line    0x00000000000099f4      0xc13 ./src/initialize-hardware.o
 .debug_line    0x000000000000a607      0xb7f ./src/led.o
 .debug_line    0x000000000000b186      0x7d3 ./src/main.o
 .debug_line    0x000000000000b959      0xa56 ./src/stm32f4xx_hal_msp.o
 .debug_line    0x000000000000c3af      0x934 ./FreeRTOS Source/portable/MemMang/heap_4.o
 .debug_line    0x000000000000cce3      0x873 ./FreeRTOS Source/portable/GCC/ARM_CM4F/port.o
 .debug_line    0x000000000000d556      0x630 ./FreeRTOS Source/list.o
 .debug_line    0x000000000000db86     0x1a48 ./FreeRTOS Source/queue.o
 .debug_line    0x000000000000f5ce     0x28a7 ./FreeRTOS Source/tasks.o
 .debug_line    0x0000000000011e75      0xd9a ./FreeRTOS Source/timers.o
 .debug_line    0x0000000000012c0f       0x4e c:/users/assas/appdata/roaming/xpacks/@xpack-dev-tools/arm-none-eabi-gcc/12.2.1-1.2.1/.content/bin/../lib/gcc/arm-none-eabi/12.2.1/thumb/v7e-m+fp/softfp\libgcc.a(_aeabi_uldivmod.o)
 .debug_line    0x0000000000012c5d      0x5b5 c:/users/assas/appdata/roaming/xpacks/@xpack-dev-tools/arm-none-eabi-gcc/12.2.1-1.2.1/.content/bin/../lib/gcc/arm-none-eabi/12.2.1/thumb/v7e-m+fp/softfp\libgcc.a(_udivmoddi4.o)
 .debug_line    0x0000000000013212       0x4a c:/users/assas/appdata/roaming/xpacks/@xpack-dev-tools/arm-none-eabi-gcc/12.2.1-1.2.1/.content/bin/../lib/gcc/arm-none-eabi/12.2.1/thumb/v7e-m+fp/softfp\libgcc.a(_dvmd_tls.o)

.debug_frame    0x0000000000000000     0x1e00
 *(.debug_frame)
 .debug_frame   0x0000000000000000      0x1f0 ./system/src/stm32f4-hal/stm32f4xx_hal.o
 .debug_frame   0x00000000000001f0      0x214 ./system/src/stm32f4-hal/stm32f4xx_hal_cortex.o
 .debug_frame   0x0000000000000404       0xfc ./system/src/stm32f4-hal/stm32f4xx_hal_gpio.o
 .debug_frame   0x0000000000000500      0x16c ./system/src/stm32f4-hal/stm32f4xx_hal_rcc.o
 .debug_frame   0x000000000000066c       0x28 ./system/src/newlib/sbrk.o
 .debug_frame   0x0000000000000694       0x7c ./system/src/newlib/startup.o
 .debug_frame   0x0000000000000710      0x3d8 ./system/src/newlib/syscalls.o
 .debug_frame   0x0000000000000ae8       0x64 ./system/src/diag/trace-impl.o
 .debug_frame   0x0000000000000b4c       0x94 ./system/src/diag/trace.o
 .debug_frame   0x0000000000000be0      0x174 ./system/src/cortexm/exception-handlers.o
 .debug_frame   0x0000000000000d54       0x40 ./system/src/cortexm/initialize-hardware.o
 .debug_frame   0x0000000000000d94       0x30 ./system/src/cmsis/system_stm32f4xx.o
 .debug_frame   0x0000000000000dc4       0x20 ./system/src/cmsis/vectors_stm32f407xx.o
 .debug_frame   0x0000000000000de4       0x60 ./src/initialize-hardware.o
 .debug_frame   0x0000000000000e44       0x8c ./src/led.o
 .debug_frame   0x0000000000000ed0       0xd0 ./src/main.o
 .debug_frame   0x0000000000000fa0       0x50 ./src/stm32f4xx_hal_msp.o
 .debug_frame   0x0000000000000ff0       0xb0 ./FreeRTOS Source/portable/MemMang/heap_4.o
 .debug_frame   0x00000000000010a0       0xf0 ./FreeRTOS Source/portable/GCC/ARM_CM4F/port.o
 .debug_frame   0x0000000000001190       0x70 ./FreeRTOS Source/list.o
 .debug_frame   0x0000000000001200      0x378 ./FreeRTOS Source/queue.o
 .debug_frame   0x0000000000001578      0x5d4 ./FreeRTOS Source/tasks.o
 .debug_frame   0x0000000000001b4c      0x234 ./FreeRTOS Source/timers.o
 .debug_frame   0x0000000000001d80       0x2c c:/users/assas/appdata/roaming/xpacks/@xpack-dev-tools/arm-none-eabi-gcc/12.2.1-1.2.1/.content/bin/../lib/gcc/arm-none-eabi/12.2.1/thumb/v7e-m+fp/softfp\libgcc.a(_aeabi_uldivmod.o)
 .debug_frame   0x0000000000001dac       0x34 c:/users/assas/appdata/roaming/xpacks/@xpack-dev-tools/arm-none-eabi-gcc/12.2.1-1.2.1/.content/bin/../lib/gcc/arm-none-eabi/12.2.1/thumb/v7e-m+fp/softfp\libgcc.a(_udivmoddi4.o)
 .debug_frame   0x0000000000001de0       0x20 c:/users/assas/appdata/roaming/xpacks/@xpack-dev-tools/arm-none-eabi-gcc/12.2.1-1.2.1/.content/bin/../lib/gcc/arm-none-eabi/12.2.1/../../../../arm-none-eabi/lib/thumb/v7e-m+fp/softfp\libg_nano.a(libc_a-strcmp.o)

.debug_str      0x0000000000000000    0xff4af
 *(.debug_str)
 .debug_str     0x0000000000000000    0xeecfc ./system/src/stm32f4-hal/stm32f4xx_hal.o
                                      0xef098 (size before relaxing)
 .debug_str     0x00000000000eecfc      0x3a2 ./system/src/stm32f4-hal/stm32f4xx_hal_cortex.o
                                      0xeedcd (size before relaxing)
 .debug_str     0x00000000000ef09e      0x27d ./system/src/stm32f4-hal/stm32f4xx_hal_gpio.o
                                      0xee72a (size before relaxing)
 .debug_str     0x00000000000ef31b      0x3b2 ./system/src/stm32f4-hal/stm32f4xx_hal_rcc.o
                                      0xee947 (size before relaxing)
 .debug_str     0x00000000000ef6cd     0x37b3 ./system/src/newlib/sbrk.o
                                       0x7016 (size before relaxing)
 .debug_str     0x00000000000f2e80      0x2c6 ./system/src/newlib/startup.o
                                       0x66e6 (size before relaxing)
 .debug_str     0x00000000000f3146     0x3edb ./system/src/newlib/syscalls.o
                                       0xb9cc (size before relaxing)
 .debug_str     0x00000000000f7021       0xbd ./system/src/diag/trace-impl.o
                                      0xf199f (size before relaxing)
 .debug_str     0x00000000000f70de      0x162 ./system/src/diag/trace.o
                                       0x83a7 (size before relaxing)
 .debug_str     0x00000000000f7240      0x1b1 ./system/src/cortexm/exception-handlers.o
                                      0xf2ced (size before relaxing)
 .debug_str     0x00000000000f73f1       0x5d ./system/src/cortexm/initialize-hardware.o
                                      0xee42d (size before relaxing)
 .debug_str     0x00000000000f744e       0x46 ./system/src/cmsis/system_stm32f4xx.o
                                      0xee51b (size before relaxing)
 .debug_str     0x00000000000f7494       0x59 ./system/src/cmsis/vectors_stm32f407xx.o
                                       0x3e84 (size before relaxing)
 .debug_str     0x00000000000f74ed       0x30 ./src/initialize-hardware.o
                                      0xf1971 (size before relaxing)
 .debug_str     0x00000000000f751d      0x17f ./src/led.o
                                      0xee601 (size before relaxing)
 .debug_str     0x00000000000f769c     0x4a83 ./src/main.o
                                       0xd73d (size before relaxing)
 .debug_str     0x00000000000fc11f       0x3d ./src/stm32f4xx_hal_msp.o
                                      0xee358 (size before relaxing)
 .debug_str     0x00000000000fc15c      0x2bf ./FreeRTOS Source/portable/MemMang/heap_4.o
                                       0xa59b (size before relaxing)
 .debug_str     0x00000000000fc41b      0x821 ./FreeRTOS Source/portable/GCC/ARM_CM4F/port.o
                                       0x7f61 (size before relaxing)
 .debug_str     0x00000000000fcc3c      0x125 ./FreeRTOS Source/list.o
                                       0x9e33 (size before relaxing)
 .debug_str     0x00000000000fcd61      0x8a7 ./FreeRTOS Source/queue.o
                                       0xb5c9 (size before relaxing)
 .debug_str     0x00000000000fd608     0x134a ./FreeRTOS Source/tasks.o
                                       0xc33b (size before relaxing)
 .debug_str     0x00000000000fe952      0x3db ./FreeRTOS Source/timers.o
                                       0xb9c2 (size before relaxing)
 .debug_str     0x00000000000fed2d      0x122 c:/users/assas/appdata/roaming/xpacks/@xpack-dev-tools/arm-none-eabi-gcc/12.2.1-1.2.1/.content/bin/../lib/gcc/arm-none-eabi/12.2.1/thumb/v7e-m+fp/softfp\libgcc.a(_aeabi_uldivmod.o)
 .debug_str     0x00000000000fee4f      0x5d5 c:/users/assas/appdata/roaming/xpacks/@xpack-dev-tools/arm-none-eabi-gcc/12.2.1-1.2.1/.content/bin/../lib/gcc/arm-none-eabi/12.2.1/thumb/v7e-m+fp/softfp\libgcc.a(_udivmoddi4.o)
                                        0x72e (size before relaxing)
 .debug_str     0x00000000000ff424       0x8b c:/users/assas/appdata/roaming/xpacks/@xpack-dev-tools/arm-none-eabi-gcc/12.2.1-1.2.1/.content/bin/../lib/gcc/arm-none-eabi/12.2.1/thumb/v7e-m+fp/softfp\libgcc.a(_dvmd_tls.o)
                                        0x142 (size before relaxing)

.debug_loc
 *(.debug_loc)

.debug_macinfo
 *(.debug_macinfo)

.debug_weaknames
 *(.debug_weaknames)

.debug_funcnames
 *(.debug_funcnames)

.debug_typenames
 *(.debug_typenames)

.debug_varnames
 *(.debug_varnames)
OUTPUT(Demo.elf elf32-littlearm)
LOAD linker stubs

.debug_loclists
                0x0000000000000000     0x563f
 .debug_loclists
                0x0000000000000000       0xbe ./system/src/stm32f4-hal/stm32f4xx_hal.o
 .debug_loclists
                0x00000000000000be      0x4ce ./system/src/stm32f4-hal/stm32f4xx_hal_cortex.o
 .debug_loclists
                0x000000000000058c      0x434 ./system/src/stm32f4-hal/stm32f4xx_hal_gpio.o
 .debug_loclists
                0x00000000000009c0      0x3a8 ./system/src/stm32f4-hal/stm32f4xx_hal_rcc.o
 .debug_loclists
                0x0000000000000d68       0x69 ./system/src/newlib/sbrk.o
 .debug_loclists
                0x0000000000000dd1      0x2b7 ./system/src/newlib/startup.o
 .debug_loclists
                0x0000000000001088      0xbd5 ./system/src/newlib/syscalls.o
 .debug_loclists
                0x0000000000001c5d       0xf5 ./system/src/diag/trace-impl.o
 .debug_loclists
                0x0000000000001d52       0xb2 ./system/src/diag/trace.o
 .debug_loclists
                0x0000000000001e04      0x33e ./system/src/cortexm/exception-handlers.o
 .debug_loclists
                0x0000000000002142       0xdb ./system/src/cmsis/system_stm32f4xx.o
 .debug_loclists
                0x000000000000221d       0x48 ./src/initialize-hardware.o
 .debug_loclists
                0x0000000000002265       0x54 ./src/led.o
 .debug_loclists
                0x00000000000022b9       0x95 ./src/main.o
 .debug_loclists
                0x000000000000234e      0x226 ./FreeRTOS Source/portable/MemMang/heap_4.o
 .debug_loclists
                0x0000000000002574       0xbb ./FreeRTOS Source/portable/GCC/ARM_CM4F/port.o
 .debug_loclists
                0x000000000000262f       0x6f ./FreeRTOS Source/list.o
 .debug_loclists
                0x000000000000269e      0xbaa ./FreeRTOS Source/queue.o
 .debug_loclists
                0x0000000000003248     0x130e ./FreeRTOS Source/tasks.o
 .debug_loclists
                0x0000000000004556      0x72c ./FreeRTOS Source/timers.o
 .debug_loclists
                0x0000000000004c82      0x9bd c:/users/assas/appdata/roaming/xpacks/@xpack-dev-tools/arm-none-eabi-gcc/12.2.1-1.2.1/.content/bin/../lib/gcc/arm-none-eabi/12.2.1/thumb/v7e-m+fp/softfp\libgcc.a(_udivmoddi4.o)

.debug_rnglists
                0x0000000000000000      0xa38
 .debug_rnglists
                0x0000000000000000       0xaf ./system/src/stm32f4-hal/stm32f4xx_hal.o
 .debug_rnglists
                0x00000000000000af       0xda ./system/src/stm32f4-hal/stm32f4xx_hal_cortex.o
 .debug_rnglists
                0x0000000000000189       0x3f ./system/src/stm32f4-hal/stm32f4xx_hal_gpio.o
 .debug_rnglists
                0x00000000000001c8       0x75 ./system/src/stm32f4-hal/stm32f4xx_hal_rcc.o
 .debug_rnglists
                0x000000000000023d       0x13 ./system/src/newlib/sbrk.o
 .debug_rnglists
                0x0000000000000250       0x50 ./system/src/newlib/startup.o
 .debug_rnglists
                0x00000000000002a0       0xe3 ./system/src/newlib/syscalls.o
 .debug_rnglists
                0x0000000000000383       0x2b ./system/src/diag/trace-impl.o
 .debug_rnglists
                0x00000000000003ae       0x25 ./system/src/diag/trace.o
 .debug_rnglists
                0x00000000000003d3       0x6f ./system/src/cortexm/exception-handlers.o
 .debug_rnglists
                0x0000000000000442       0x19 ./system/src/cortexm/initialize-hardware.o
 .debug_rnglists
                0x000000000000045b       0x1a ./system/src/cmsis/system_stm32f4xx.o
 .debug_rnglists
                0x0000000000000475       0x13 ./system/src/cmsis/vectors_stm32f407xx.o
 .debug_rnglists
                0x0000000000000488       0x20 ./src/initialize-hardware.o
 .debug_rnglists
                0x00000000000004a8       0x31 ./src/led.o
 .debug_rnglists
                0x00000000000004d9       0x44 ./src/main.o
 .debug_rnglists
                0x000000000000051d       0x25 ./src/stm32f4xx_hal_msp.o
 .debug_rnglists
                0x0000000000000542       0x38 ./FreeRTOS Source/portable/MemMang/heap_4.o
 .debug_rnglists
                0x000000000000057a       0x63 ./FreeRTOS Source/portable/GCC/ARM_CM4F/port.o
 .debug_rnglists
                0x00000000000005dd       0x2b ./FreeRTOS Source/list.o
 .debug_rnglists
                0x0000000000000608      0x110 ./FreeRTOS Source/queue.o
 .debug_rnglists
                0x0000000000000718      0x1ff ./FreeRTOS Source/tasks.o
 .debug_rnglists
                0x0000000000000917       0x86 ./FreeRTOS Source/timers.o
 .debug_rnglists
                0x000000000000099d       0x9b c:/users/assas/appdata/roaming/xpacks/@xpack-dev-tools/arm-none-eabi-gcc/12.2.1-1.2.1/.content/bin/../lib/gcc/arm-none-eabi/12.2.1/thumb/v7e-m+fp/softfp\libgcc.a(_udivmoddi4.o)

.debug_macro    0x0000000000000000    0x2a38a
 .debug_macro   0x0000000000000000      0x44c ./system/src/stm32f4-hal/stm32f4xx_hal.o
 .debug_macro   0x000000000000044c      0xacc ./system/src/stm32f4-hal/stm32f4xx_hal.o
 .debug_macro   0x0000000000000f18      0x3a2 ./system/src/stm32f4-hal/stm32f4xx_hal.o
 .debug_macro   0x00000000000012ba       0x2e ./system/src/stm32f4-hal/stm32f4xx_hal.o
 .debug_macro   0x00000000000012e8       0x2f ./system/src/stm32f4-hal/stm32f4xx_hal.o
 .debug_macro   0x0000000000001317       0x22 ./system/src/stm32f4-hal/stm32f4xx_hal.o